Component: ARM Compiler 5.05 update 1 (build 106) Tool: armlink [4d0efa]

==============================================================================

Section Cross References

    main.o(i.main) refers to delay.o(i.delay_init) for delay_init
    main.o(i.main) refers to misc.o(i.NVIC_PriorityGroupConfig) for NVIC_PriorityGroupConfig
    main.o(i.main) refers to usart.o(i.uart_init) for uart_init
    main.o(i.main) refers to led.o(i.LED_Init) for LED_Init
    main.o(i.main) refers to oled.o(i.OLED_Init) for OLED_Init
    main.o(i.main) refers to oled.o(i.OLED_Clear) for OLED_Clear
    main.o(i.main) refers to rtc.o(i.RTC_Init) for RTC_Init
    main.o(i.main) refers to oled.o(i.OLED_ShowCHinese) for OLED_ShowCHinese
    main.o(i.main) refers to oled.o(i.OLED_ShowString) for OLED_ShowString
    main.o(i.main) refers to oled.o(i.OLED_ShowNum) for OLED_ShowNum
    main.o(i.main) refers to oled.o(i.OLED_Roll) for OLED_Roll
    main.o(i.main) refers to delay.o(i.delay_ms) for delay_ms
    main.o(i.main) refers to rtc.o(.bss) for calendar
    system_stm32f10x.o(i.SetSysClock) refers to system_stm32f10x.o(i.SetSysClockTo72) for SetSysClockTo72
    system_stm32f10x.o(i.SystemCoreClockUpdate) refers to system_stm32f10x.o(.data) for SystemCoreClock
    system_stm32f10x.o(i.SystemInit) refers to system_stm32f10x.o(i.SetSysClock) for SetSysClock
    delay.o(i.delay_init) refers to misc.o(i.SysTick_CLKSourceConfig) for SysTick_CLKSourceConfig
    delay.o(i.delay_init) refers to system_stm32f10x.o(.data) for SystemCoreClock
    delay.o(i.delay_init) refers to delay.o(.data) for fac_us
    delay.o(i.delay_ms) refers to delay.o(.data) for fac_ms
    delay.o(i.delay_us) refers to delay.o(.data) for fac_us
    usart.o(i.USART1_IRQHandler) refers (Special) to use_no_semi_2.o(.text) for __use_no_semihosting
    usart.o(i.USART1_IRQHandler) refers to stm32f10x_usart.o(i.USART_GetITStatus) for USART_GetITStatus
    usart.o(i.USART1_IRQHandler) refers to stm32f10x_usart.o(i.USART_ReceiveData) for USART_ReceiveData
    usart.o(i.USART1_IRQHandler) refers to usart.o(.data) for USART_RX_STA
    usart.o(i.USART1_IRQHandler) refers to usart.o(.bss) for USART_RX_BUF
    usart.o(i._sys_exit) refers (Special) to use_no_semi_2.o(.text) for __use_no_semihosting
    usart.o(i.fputc) refers (Special) to use_no_semi_2.o(.text) for __use_no_semihosting
    usart.o(i.uart_init) refers (Special) to use_no_semi_2.o(.text) for __use_no_semihosting
    usart.o(i.uart_init) refers to stm32f10x_rcc.o(i.RCC_APB2PeriphClockCmd) for RCC_APB2PeriphClockCmd
    usart.o(i.uart_init) refers to stm32f10x_gpio.o(i.GPIO_Init) for GPIO_Init
    usart.o(i.uart_init) refers to misc.o(i.NVIC_Init) for NVIC_Init
    usart.o(i.uart_init) refers to stm32f10x_usart.o(i.USART_Init) for USART_Init
    usart.o(i.uart_init) refers to stm32f10x_usart.o(i.USART_ITConfig) for USART_ITConfig
    usart.o(i.uart_init) refers to stm32f10x_usart.o(i.USART_Cmd) for USART_Cmd
    usart.o(.bss) refers (Special) to use_no_semi_2.o(.text) for __use_no_semihosting
    usart.o(.data) refers (Special) to use_no_semi_2.o(.text) for __use_no_semihosting
    startup_stm32f10x_hd.o(STACK) refers (Special) to heapauxi.o(.text) for __use_two_region_memory
    startup_stm32f10x_hd.o(HEAP) refers (Special) to heapauxi.o(.text) for __use_two_region_memory
    startup_stm32f10x_hd.o(RESET) refers (Special) to heapauxi.o(.text) for __use_two_region_memory
    startup_stm32f10x_hd.o(RESET) refers to startup_stm32f10x_hd.o(STACK) for __initial_sp
    startup_stm32f10x_hd.o(RESET) refers to startup_stm32f10x_hd.o(.text) for Reset_Handler
    startup_stm32f10x_hd.o(RESET) refers to stm32f10x_it.o(i.NMI_Handler) for NMI_Handler
    startup_stm32f10x_hd.o(RESET) refers to stm32f10x_it.o(i.HardFault_Handler) for HardFault_Handler
    startup_stm32f10x_hd.o(RESET) refers to stm32f10x_it.o(i.MemManage_Handler) for MemManage_Handler
    startup_stm32f10x_hd.o(RESET) refers to stm32f10x_it.o(i.BusFault_Handler) for BusFault_Handler
    startup_stm32f10x_hd.o(RESET) refers to stm32f10x_it.o(i.UsageFault_Handler) for UsageFault_Handler
    startup_stm32f10x_hd.o(RESET) refers to stm32f10x_it.o(i.SVC_Handler) for SVC_Handler
    startup_stm32f10x_hd.o(RESET) refers to stm32f10x_it.o(i.DebugMon_Handler) for DebugMon_Handler
    startup_stm32f10x_hd.o(RESET) refers to stm32f10x_it.o(i.PendSV_Handler) for PendSV_Handler
    startup_stm32f10x_hd.o(RESET) refers to stm32f10x_it.o(i.SysTick_Handler) for SysTick_Handler
    startup_stm32f10x_hd.o(RESET) refers to iwdg.o(i.WWDG_IRQHandler) for WWDG_IRQHandler
    startup_stm32f10x_hd.o(RESET) refers to rtc.o(i.RTC_IRQHandler) for RTC_IRQHandler
    startup_stm32f10x_hd.o(RESET) refers to exti.o(i.EXTI0_IRQHandler) for EXTI0_IRQHandler
    startup_stm32f10x_hd.o(RESET) refers to exti.o(i.EXTI1_IRQHandler) for EXTI1_IRQHandler
    startup_stm32f10x_hd.o(RESET) refers to exti.o(i.EXTI2_IRQHandler) for EXTI2_IRQHandler
[...]
    Removing stm32f10x_rcc.o(i.RCC_PLLCmd), (12 bytes).
    Removing stm32f10x_rcc.o(i.RCC_PLLConfig), (28 bytes).
    Removing stm32f10x_rcc.o(i.RCC_SYSCLKConfig), (24 bytes).
    Removing stm32f10x_rcc.o(i.RCC_USBCLKConfig), (12 bytes).
    Removing stm32f10x_rcc.o(i.RCC_WaitForHSEStartUp), (56 bytes).
    Removing stm32f10x_rtc.o(i.RTC_ClearFlag), (16 bytes).
    Removing stm32f10x_rtc.o(i.RTC_GetDivider), (24 bytes).
    Removing stm32f10x_rtc.o(i.RTC_GetFlagStatus), (24 bytes).
    Removing stm32f10x_rtc.o(i.RTC_SetAlarm), (28 bytes).
    Removing stm32f10x_sdio.o(i.SDIO_CEATAITCmd), (16 bytes).
    Removing stm32f10x_sdio.o(i.SDIO_ClearFlag), (12 bytes).
    Removing stm32f10x_sdio.o(i.SDIO_ClearITPendingBit), (12 bytes).
    Removing stm32f10x_sdio.o(i.SDIO_ClockCmd), (12 bytes).
    Removing stm32f10x_sdio.o(i.SDIO_CmdStructInit), (14 bytes).
    Removing stm32f10x_sdio.o(i.SDIO_CommandCompletionCmd), (12 bytes).
    Removing stm32f10x_sdio.o(i.SDIO_DMACmd), (12 bytes).
    Removing stm32f10x_sdio.o(i.SDIO_DataConfig), (48 bytes).
    Removing stm32f10x_sdio.o(i.SDIO_DataStructInit), (20 bytes).
    Removing stm32f10x_sdio.o(i.SDIO_DeInit), (36 bytes).
    Removing stm32f10x_sdio.o(i.SDIO_GetCommandResponse), (12 bytes).
    Removing stm32f10x_sdio.o(i.SDIO_GetDataCounter), (12 bytes).
    Removing stm32f10x_sdio.o(i.SDIO_GetFIFOCount), (12 bytes).
    Removing stm32f10x_sdio.o(i.SDIO_GetFlagStatus), (24 bytes).
    Removing stm32f10x_sdio.o(i.SDIO_GetITStatus), (24 bytes).
    Removing stm32f10x_sdio.o(i.SDIO_GetPowerState), (16 bytes).
    Removing stm32f10x_sdio.o(i.SDIO_GetResponse), (24 bytes).
    Removing stm32f10x_sdio.o(i.SDIO_ITConfig), (32 bytes).
    Removing stm32f10x_sdio.o(i.SDIO_Init), (48 bytes).
    Removing stm32f10x_sdio.o(i.SDIO_ReadData), (12 bytes).
    Removing stm32f10x_sdio.o(i.SDIO_SendCEATACmd), (12 bytes).
    Removing stm32f10x_sdio.o(i.SDIO_SendCommand), (44 bytes).
    Removing stm32f10x_sdio.o(i.SDIO_SendSDIOSuspendCmd), (12 bytes).
    Removing stm32f10x_sdio.o(i.SDIO_SetPowerState), (28 bytes).
    Removing stm32f10x_sdio.o(i.SDIO_SetSDIOOperation), (12 bytes).
    Removing stm32f10x_sdio.o(i.SDIO_SetSDIOReadWaitMode), (12 bytes).
    Removing stm32f10x_sdio.o(i.SDIO_StartSDIOReadWait), (12 bytes).
    Removing stm32f10x_sdio.o(i.SDIO_StopSDIOReadWait), (12 bytes).
    Removing stm32f10x_sdio.o(i.SDIO_StructInit), (16 bytes).
    Removing stm32f10x_sdio.o(i.SDIO_WriteData), (12 bytes).
    Removing stm32f10x_spi.o(i.I2S_Cmd), (24 bytes).
    Removing stm32f10x_spi.o(i.I2S_Init), (232 bytes).
    Removing stm32f10x_spi.o(i.I2S_StructInit), (20 bytes).
    Removing stm32f10x_spi.o(i.SPI_BiDirectionalLineConfig), (28 bytes).
    Removing stm32f10x_spi.o(i.SPI_CalculateCRC), (24 bytes).
    Removing stm32f10x_spi.o(i.SPI_Cmd), (24 bytes).
    Removing stm32f10x_spi.o(i.SPI_DataSizeConfig), (18 bytes).
    Removing stm32f10x_spi.o(i.SPI_GetCRC), (16 bytes).
    Removing stm32f10x_spi.o(i.SPI_GetCRCPolynomial), (6 bytes).
    Removing stm32f10x_spi.o(i.SPI_I2S_ClearFlag), (6 bytes).
    Removing stm32f10x_spi.o(i.SPI_I2S_ClearITPendingBit), (20 bytes).
    Removing stm32f10x_spi.o(i.SPI_I2S_DMACmd), (18 bytes).
    Removing stm32f10x_spi.o(i.SPI_I2S_DeInit), (88 bytes).
    Removing stm32f10x_spi.o(i.SPI_I2S_GetFlagStatus), (18 bytes).
    Removing stm32f10x_spi.o(i.SPI_I2S_GetITStatus), (52 bytes).
    Removing stm32f10x_spi.o(i.SPI_I2S_ITConfig), (32 bytes).
    Removing stm32f10x_spi.o(i.SPI_I2S_ReceiveData), (6 bytes).
    Removing stm32f10x_spi.o(i.SPI_I2S_SendData), (4 bytes).
    Removing stm32f10x_spi.o(i.SPI_Init), (60 bytes).
    Removing stm32f10x_spi.o(i.SPI_NSSInternalSoftwareConfig), (30 bytes).
    Removing stm32f10x_spi.o(i.SPI_SSOutputCmd), (24 bytes).
    Removing stm32f10x_spi.o(i.SPI_StructInit), (24 bytes).
    Removing stm32f10x_spi.o(i.SPI_TransmitCRC), (10 bytes).
    Removing stm32f10x_tim.o(i.TI1_Config), (128 bytes).
    Removing stm32f10x_tim.o(i.TI2_Config), (152 bytes).
    Removing stm32f10x_tim.o(i.TI3_Config), (144 bytes).
    Removing stm32f10x_tim.o(i.TI4_Config), (152 bytes).
    Removing stm32f10x_tim.o(i.TIM_ARRPreloadConfig), (24 bytes).
    Removing stm32f10x_tim.o(i.TIM_BDTRConfig), (32 bytes).
    Removing stm32f10x_tim.o(i.TIM_BDTRStructInit), (18 bytes).
    Removing stm32f10x_tim.o(i.TIM_CCPreloadControl), (24 bytes).
    Removing stm32f10x_tim.o(i.TIM_CCxCmd), (30 bytes).
    Removing stm32f10x_tim.o(i.TIM_CCxNCmd), (30 bytes).
    Removing stm32f10x_tim.o(i.TIM_ClearFlag), (6 bytes).
    Removing stm32f10x_tim.o(i.TIM_ClearOC1Ref), (18 bytes).
    Removing stm32f10x_tim.o(i.TIM_ClearOC2Ref), (24 bytes).
    Removing stm32f10x_tim.o(i.TIM_ClearOC3Ref), (18 bytes).
    Removing stm32f10x_tim.o(i.TIM_ClearOC4Ref), (24 bytes).
    Removing stm32f10x_tim.o(i.TIM_Cmd), (24 bytes).
    Removing stm32f10x_tim.o(i.TIM_CounterModeConfig), (18 bytes).
    Removing stm32f10x_tim.o(i.TIM_CtrlPWMOutputs), (30 bytes).
    Removing stm32f10x_tim.o(i.TIM_DMACmd), (18 bytes).
    Removing stm32f10x_tim.o(i.TIM_DMAConfig), (10 bytes).
    Removing stm32f10x_tim.o(i.TIM_DeInit), (488 bytes).
    Removing stm32f10x_tim.o(i.TIM_ETRClockMode1Config), (54 bytes).
    Removing stm32f10x_tim.o(i.TIM_ETRClockMode2Config), (32 bytes).
    Removing stm32f10x_tim.o(i.TIM_ETRConfig), (28 bytes).
    Removing stm32f10x_tim.o(i.TIM_EncoderInterfaceConfig), (66 bytes).
    Removing stm32f10x_tim.o(i.TIM_ForcedOC1Config), (18 bytes).
    Removing stm32f10x_tim.o(i.TIM_ForcedOC2Config), (26 bytes).
    Removing stm32f10x_tim.o(i.TIM_ForcedOC3Config), (18 bytes).
    Removing stm32f10x_tim.o(i.TIM_ForcedOC4Config), (26 bytes).
    Removing stm32f10x_tim.o(i.TIM_GenerateEvent), (4 bytes).
    Removing stm32f10x_tim.o(i.TIM_GetCapture2), (6 bytes).
    Removing stm32f10x_tim.o(i.TIM_GetCapture3), (6 bytes).
    Removing stm32f10x_tim.o(i.TIM_GetCapture4), (8 bytes).
    Removing stm32f10x_tim.o(i.TIM_GetCounter), (6 bytes).
    Removing stm32f10x_tim.o(i.TIM_GetFlagStatus), (18 bytes).
    Removing stm32f10x_tim.o(i.TIM_GetPrescaler), (6 bytes).
    Removing stm32f10x_tim.o(i.TIM_ICInit), (172 bytes).
    Removing stm32f10x_tim.o(i.TIM_ICStructInit), (18 bytes).
    Removing stm32f10x_tim.o(i.TIM_ITConfig), (18 bytes).
    Removing stm32f10x_tim.o(i.TIM_ITRxExternalClockConfig), (24 bytes).
    Removing stm32f10x_tim.o(i.TIM_InternalClockConfig), (12 bytes).
    Removing stm32f10x_tim.o(i.TIM_OC1FastConfig), (18 bytes).
    Removing stm32f10x_tim.o(i.TIM_OC1Init), (152 bytes).
    Removing stm32f10x_tim.o(i.TIM_OC1NPolarityConfig), (18 bytes).
    Removing stm32f10x_tim.o(i.TIM_OC1PreloadConfig), (18 bytes).
    Removing stm32f10x_tim.o(i.TIM_OC2FastConfig), (26 bytes).
    Removing stm32f10x_tim.o(i.TIM_OC2Init), (164 bytes).
    Removing stm32f10x_tim.o(i.TIM_OC2NPolarityConfig), (26 bytes).
    Removing stm32f10x_tim.o(i.TIM_OC2PolarityConfig), (26 bytes).
    Removing stm32f10x_tim.o(i.TIM_OC2PreloadConfig), (26 bytes).
    Removing stm32f10x_tim.o(i.TIM_OC3FastConfig), (18 bytes).
    Removing stm32f10x_tim.o(i.TIM_OC3Init), (160 bytes).
    Removing stm32f10x_tim.o(i.TIM_OC3NPolarityConfig), (26 bytes).
    Removing stm32f10x_tim.o(i.TIM_OC3PolarityConfig), (26 bytes).
    Removing stm32f10x_tim.o(i.TIM_OC3PreloadConfig), (18 bytes).
    Removing stm32f10x_tim.o(i.TIM_OC4FastConfig), (26 bytes).
    Removing stm32f10x_tim.o(i.TIM_OC4Init), (124 bytes).
    Removing stm32f10x_tim.o(i.TIM_OC4PolarityConfig), (26 bytes).
    Removing stm32f10x_tim.o(i.TIM_OC4PreloadConfig), (26 bytes).
    Removing stm32f10x_tim.o(i.TIM_OCStructInit), (20 bytes).
    Removing stm32f10x_tim.o(i.TIM_PWMIConfig), (124 bytes).
    Removing stm32f10x_tim.o(i.TIM_PrescalerConfig), (6 bytes).
    Removing stm32f10x_tim.o(i.TIM_SelectCCDMA), (24 bytes).
    Removing stm32f10x_tim.o(i.TIM_SelectCOM), (24 bytes).
    Removing stm32f10x_tim.o(i.TIM_SelectHallSensor), (24 bytes).
    Removing stm32f10x_tim.o(i.TIM_SelectInputTrigger), (18 bytes).
    Removing stm32f10x_tim.o(i.TIM_SelectMasterSlaveMode), (18 bytes).
    Removing stm32f10x_tim.o(i.TIM_SelectOCxM), (82 bytes).
    Removing stm32f10x_tim.o(i.TIM_SelectOnePulseMode), (18 bytes).
    Removing stm32f10x_tim.o(i.TIM_SelectOutputTrigger), (18 bytes).
    Removing stm32f10x_tim.o(i.TIM_SelectSlaveMode), (18 bytes).
    Removing stm32f10x_tim.o(i.TIM_SetAutoreload), (4 bytes).
    Removing stm32f10x_tim.o(i.TIM_SetClockDivision), (18 bytes).
    Removing stm32f10x_tim.o(i.TIM_SetCompare1), (4 bytes).
    Removing stm32f10x_tim.o(i.TIM_SetCompare2), (4 bytes).
    Removing stm32f10x_tim.o(i.TIM_SetCompare3), (4 bytes).
    Removing stm32f10x_tim.o(i.TIM_SetCompare4), (6 bytes).
    Removing stm32f10x_tim.o(i.TIM_SetCounter), (4 bytes).
    Removing stm32f10x_tim.o(i.TIM_SetIC1Prescaler), (18 bytes).
    Removing stm32f10x_tim.o(i.TIM_SetIC2Prescaler), (26 bytes).
    Removing stm32f10x_tim.o(i.TIM_SetIC3Prescaler), (18 bytes).
    Removing stm32f10x_tim.o(i.TIM_SetIC4Prescaler), (26 bytes).
    Removing stm32f10x_tim.o(i.TIM_TIxExternalClockConfig), (62 bytes).
    Removing stm32f10x_tim.o(i.TIM_TimeBaseInit), (164 bytes).
    Removing stm32f10x_tim.o(i.TIM_TimeBaseStructInit), (18 bytes).
    Removing stm32f10x_tim.o(i.TIM_UpdateDisableConfig), (24 bytes).
    Removing stm32f10x_tim.o(i.TIM_UpdateRequestConfig), (24 bytes).
    Removing stm32f10x_usart.o(i.USART_ClearFlag), (18 bytes).
    Removing stm32f10x_usart.o(i.USART_ClearITPendingBit), (30 bytes).
    Removing stm32f10x_usart.o(i.USART_ClockInit), (34 bytes).
    Removing stm32f10x_usart.o(i.USART_ClockStructInit), (12 bytes).
    Removing stm32f10x_usart.o(i.USART_DMACmd), (18 bytes).
    Removing stm32f10x_usart.o(i.USART_DeInit), (156 bytes).
    Removing stm32f10x_usart.o(i.USART_GetFlagStatus), (26 bytes).
    Removing stm32f10x_usart.o(i.USART_HalfDuplexCmd), (24 bytes).
    Removing stm32f10x_usart.o(i.USART_IrDACmd), (24 bytes).
    Removing stm32f10x_usart.o(i.USART_IrDAConfig), (18 bytes).
    Removing stm32f10x_usart.o(i.USART_LINBreakDetectLengthConfig), (18 bytes).
    Removing stm32f10x_usart.o(i.USART_LINCmd), (24 bytes).
    Removing stm32f10x_usart.o(i.USART_OneBitMethodCmd), (24 bytes).
    Removing stm32f10x_usart.o(i.USART_OverSampling8Cmd), (22 bytes).
    Removing stm32f10x_usart.o(i.USART_ReceiverWakeUpCmd), (24 bytes).
    Removing stm32f10x_usart.o(i.USART_SendBreak), (10 bytes).
    Removing stm32f10x_usart.o(i.USART_SendData), (8 bytes).
    Removing stm32f10x_usart.o(i.USART_SetAddress), (18 bytes).
    Removing stm32f10x_usart.o(i.USART_SetGuardTime), (16 bytes).
    Removing stm32f10x_usart.o(i.USART_SetPrescaler), (16 bytes).
    Removing stm32f10x_usart.o(i.USART_SmartCardCmd), (24 bytes).
    Removing stm32f10x_usart.o(i.USART_SmartCardNACKCmd), (24 bytes).
    Removing stm32f10x_usart.o(i.USART_StructInit), (24 bytes).
    Removing stm32f10x_usart.o(i.USART_WakeUpConfig), (18 bytes).
    Removing stm32f10x_wwdg.o(i.WWDG_DeInit), (22 bytes).
    Removing stm32f10x_wwdg.o(i.WWDG_EnableIT), (12 bytes).
    Removing stm32f10x_wwdg.o(i.WWDG_GetFlagStatus), (12 bytes).
    Removing stm32f10x_wwdg.o(i.WWDG_SetCounter), (16 bytes).
    Removing stm32f10x_wwdg.o(i.WWDG_SetPrescaler), (24 bytes).
    Removing stm32f10x_wwdg.o(i.WWDG_SetWindowValue), (40 bytes).
    Removing oled.o(i.Delay_1ms), (26 bytes).
    Removing oled.o(i.Delay_50ms), (22 bytes).
    Removing oled.o(i.OLED_Display_Off), (28 bytes).
    Removing oled.o(i.OLED_Display_On), (28 bytes).
    Removing oled.o(i.OLED_DrawBMP), (118 bytes).
    Removing oled.o(i.OLED_On), (62 bytes).
    Removing oled.o(i.fill_picture), (64 bytes).
    Removing beep.o(i.BEEP_Init), (56 bytes).
    Removing exti.o(i.EXTIx_Init), (230 bytes).
    Removing iwdg.o(i.IWDG_Feed), (8 bytes).
    Removing iwdg.o(i.IWDG_Init), (36 bytes).
    Removing iwdg.o(i.WWDG_Init), (64 bytes).
    Removing iwdg.o(i.WWDG_NVIC_Init), (34 bytes).
    Removing key.o(i.KEY_Init), (60 bytes).
    Removing key.o(i.KEY_Scan), (200 bytes).
    Removing key.o(.data), (1 bytes).
    Removing timer.o(i.TIM3_Int_Init), (96 bytes).
    Removing timer.o(i.TIM3_PWM_Init), (144 bytes).
    Removing timer.o(i.TIM5_Cap_Init), (180 bytes).
    Removing rtc.o(i.RTC_Alarm_Set), (200 bytes).

459 unused section(s) (total 23459 bytes) removed from the image.

==============================================================================

Image Symbol Table

    Local Symbols

    Symbol Name                              Value     Ov Type        Size  Object(Section)

    ../clib/angel/boardlib.s                 0x00000000   Number         0  boardshut.o ABSOLUTE
    ../clib/angel/boardlib.s                 0x00000000   Number         0  boardinit3.o ABSOLUTE
    ../clib/angel/boardlib.s                 0x00000000   Number         0  boardinit2.o ABSOLUTE
    ../clib/angel/boardlib.s                 0x00000000   Number         0  boardinit1.o ABSOLUTE
    ../clib/angel/dczerorl2.s                0x00000000   Number         0  __dczerorl2.o ABSOLUTE
    ../clib/angel/handlers.s                 0x00000000   Number         0  __scatter_zi.o ABSOLUTE
    ../clib/angel/kernel.s                   0x00000000   Number         0  __rtentry4.o ABSOLUTE
    ../clib/angel/kernel.s                   0x00000000   Number         0  __rtentry2.o ABSOLUTE
    ../clib/angel/kernel.s                   0x00000000   Number         0  rtexit.o ABSOLUTE
    ../clib/angel/kernel.s                   0x00000000   Number         0  __rtentry.o ABSOLUTE
    ../clib/angel/kernel.s                   0x00000000   Number         0  rtexit2.o ABSOLUTE
    ../clib/angel/rt.s                       0x00000000   Number         0  rt_raise.o ABSOLUTE
    ../clib/angel/scatter.s                  0x00000000   Number         0  __scatter.o ABSOLUTE
    ../clib/angel/startup.s                  0x00000000   Number         0  __main.o ABSOLUTE
    ../clib/angel/sys.s                      0x00000000   Number         0  indicate_semi.o ABSOLUTE
    ../clib/angel/sys.s                      0x00000000   Number         0  use_no_semi.o ABSOLUTE
    ../clib/angel/sys.s                      0x00000000   Number         0  use_no_semi_2.o ABSOLUTE
    ../clib/angel/sys.s                      0x00000000   Number         0  sys_stackheap_outer.o ABSOLUTE
    ../clib/angel/sys.s                      0x00000000   Number         0  libspace.o ABSOLUTE
    ../clib/angel/sysapp.c                   0x00000000   Number         0  sys_wrch.o ABSOLUTE
    ../clib/angel/sysapp.c                   0x00000000   Number         0  sys_command.o ABSOLUTE
    ../clib/armsys.c                         0x00000000   Number         0  argv_veneer.o ABSOLUTE
    ../clib/armsys.c                         0x00000000   Number         0  argv_veneer.o ABSOLUTE
    ../clib/armsys.c                         0x00000000   Number         0  no_argv.o ABSOLUTE
    ../clib/armsys.c                         0x00000000   Number         0  _get_argv_nomalloc.o ABSOLUTE
    ../clib/heapalloc.c                      0x00000000   Number         0  hrguard.o ABSOLUTE
    ../clib/heapaux.c                        0x00000000   Number         0  heapauxi.o ABSOLUTE
    ../clib/libinit.s                        0x00000000   Number         0  libshutdown.o ABSOLUTE
    ../clib/libinit.s                        0x00000000   Number         0  libinit.o ABSOLUTE
    ../clib/libinit.s                        0x00000000   Number         0  libinit2.o ABSOLUTE
    ../clib/libinit.s                        0x00000000   Number         0  libshutdown2.o ABSOLUTE
    ../clib/printf.c                         0x00000000   Number         0  _printf_char_common.o ABSOLUTE
    ../clib/printf.c                         0x00000000   Number         0  _printf_char_file.o ABSOLUTE
    ../clib/printf.c                         0x00000000   Number         0  __printf_ss.o ABSOLUTE
    ../clib/printf.c                         0x00000000   Number         0  __printf.o ABSOLUTE
    ../clib/printf.c                         0x00000000   Number         0  __printf_flags_wp.o ABSOLUTE
    ../clib/printf.c                         0x00000000   Number         0  noretval__2printf.o ABSOLUTE
    ../clib/printf.c                         0x00000000   Number         0  __2printf.o ABSOLUTE
    ../clib/printf.c                         0x00000000   Number         0  __printf_ss_wp.o ABSOLUTE
    ../clib/printf.c                         0x00000000   Number         0  __printf_nopercent.o ABSOLUTE
    ../clib/printf.c                         0x00000000   Number         0  __printf_flags_ss_wp.o ABSOLUTE
    ../clib/printf.c                         0x00000000   Number         0  __printf_flags.o ABSOLUTE
    ../clib/printf.c                         0x00000000   Number         0  __printf_wp.o ABSOLUTE
    ../clib/printf.c                         0x00000000   Number         0  _printf_dec.o ABSOLUTE
    ../clib/printf.c                         0x00000000   Number         0  _printf_intcommon.o ABSOLUTE
    ../clib/printf.c                         0x00000000   Number         0  __printf_flags_ss.o ABSOLUTE
    ../clib/printf_percent.s                 0x00000000   Number         0  _printf_d.o ABSOLUTE
    ../clib/printf_percent.s                 0x00000000   Number         0  _printf_percent_end.o ABSOLUTE
    ../clib/printf_percent.s                 0x00000000   Number         0  _printf_percent.o ABSOLUTE
    ../clib/signal.c                         0x00000000   Number         0  defsig_stak_inner.o ABSOLUTE
    ../clib/signal.c                         0x00000000   Number         0  defsig_cppl_inner.o ABSOLUTE
    ../clib/signal.c                         0x00000000   Number         0  defsig_abrt_inner.o ABSOLUTE
    ../clib/signal.c                         0x00000000   Number         0  defsig_pvfn_inner.o ABSOLUTE
    ../clib/signal.c                         0x00000000   Number         0  defsig_rtred_inner.o ABSOLUTE
    ../clib/signal.c                         0x00000000   Number         0  defsig_fpe_inner.o ABSOLUTE
    ../clib/signal.c                         0x00000000   Number         0  defsig_other.o ABSOLUTE
    ../clib/signal.c                         0x00000000   Number         0  defsig_segv_inner.o ABSOLUTE
    ../clib/signal.c                         0x00000000   Number         0  defsig_general.o ABSOLUTE
    ../clib/signal.c                         0x00000000   Number         0  __raise.o ABSOLUTE
    ../clib/signal.c                         0x00000000   Number         0  defsig_rtmem_inner.o ABSOLUTE
    ../clib/signal.c                         0x00000000   Number         0  defsig_exit.o ABSOLUTE
    ../clib/signal.c                         0x00000000   Number         0  defsig_rtmem_outer.o ABSOLUTE
    ../clib/signal.c                         0x00000000   Number         0  defsig_rtmem_formal.o ABSOLUTE
    ../clib/signal.s                         0x00000000   Number         0  defsig.o ABSOLUTE
    ../clib/stdio.c                          0x00000000   Number         0  ferror_locked.o ABSOLUTE
    ../clib/stdio.c                          0x00000000   Number         0  ferror.o ABSOLUTE
    ../clib/stdlib.c                         0x00000000   Number         0  exit.o ABSOLUTE
    ../fplib/fpinit.s                        0x00000000   Number         0  fpinit.o ABSOLUTE
    ..\CORE\core_cm3.c                       0x00000000   Number         0  core_cm3.o ABSOLUTE
    ..\CORE\startup_stm32f10x_hd.s           0x00000000   Number         0  startup_stm32f10x_hd.o ABSOLUTE
    ..\HARDWARE\BEEP\beep.c                  0x00000000   Number         0  beep.o ABSOLUTE
    ..\HARDWARE\EXTI\exti.c                  0x00000000   Number         0  exti.o ABSOLUTE
    ..\HARDWARE\IWDG\iwdg.c                  0x00000000   Number         0  iwdg.o ABSOLUTE
    ..\HARDWARE\KEY\key.c                    0x00000000   Number         0  key.o ABSOLUTE
    ..\HARDWARE\LED\led.c                    0x00000000   Number         0  led.o ABSOLUTE
    ..\HARDWARE\OLED\oled.c                  0x00000000   Number         0  oled.o ABSOLUTE
    ..\HARDWARE\RTC\rtc.c                    0x00000000   Number         0  rtc.o ABSOLUTE
    ..\HARDWARE\TIMER\timer.c                0x00000000   Number         0  timer.o ABSOLUTE
    ..\STM32F10x_FWLib\src\misc.c            0x00000000   Number         0  misc.o ABSOLUTE
    ..\STM32F10x_FWLib\src\stm32f10x_adc.c   0x00000000   Number         0  stm32f10x_adc.o ABSOLUTE
    ..\STM32F10x_FWLib\src\stm32f10x_bkp.c   0x00000000   Number         0  stm32f10x_bkp.o ABSOLUTE
    ..\STM32F10x_FWLib\src\stm32f10x_can.c   0x00000000   Number         0  stm32f10x_can.o ABSOLUTE
    ..\STM32F10x_FWLib\src\stm32f10x_cec.c   0x00000000   Number         0  stm32f10x_cec.o ABSOLUTE
    ..\STM32F10x_FWLib\src\stm32f10x_crc.c   0x00000000   Number         0  stm32f10x_crc.o ABSOLUTE
    ..\STM32F10x_FWLib\src\stm32f10x_dac.c   0x00000000   Number         0  stm32f10x_dac.o ABSOLUTE
    ..\STM32F10x_FWLib\src\stm32f10x_dbgmcu.c 0x00000000   Number         0  stm32f10x_dbgmcu.o ABSOLUTE
    ..\STM32F10x_FWLib\src\stm32f10x_dma.c   0x00000000   Number         0  stm32f10x_dma.o ABSOLUTE
    ..\STM32F10x_FWLib\src\stm32f10x_exti.c  0x00000000   Number         0  stm32f10x_exti.o ABSOLUTE
    ..\STM32F10x_FWLib\src\stm32f10x_flash.c 0x00000000   Number         0  stm32f10x_flash.o ABSOLUTE
    ..\STM32F10x_FWLib\src\stm32f10x_fsmc.c  0x00000000   Number         0  stm32f10x_fsmc.o ABSOLUTE
    ..\STM32F10x_FWLib\src\stm32f10x_gpio.c  0x00000000   Number         0  stm32f10x_gpio.o ABSOLUTE
    ..\STM32F10x_FWLib\src\stm32f10x_i2c.c   0x00000000   Number         0  stm32f10x_i2c.o ABSOLUTE
    ..\STM32F10x_FWLib\src\stm32f10x_iwdg.c  0x00000000   Number         0  stm32f10x_iwdg.o ABSOLUTE
    ..\STM32F10x_FWLib\src\stm32f10x_pwr.c   0x00000000   Number         0  stm32f10x_pwr.o ABSOLUTE
    ..\STM32F10x_FWLib\src\stm32f10x_rcc.c   0x00000000   Number         0  stm32f10x_rcc.o ABSOLUTE
    ..\STM32F10x_FWLib\src\stm32f10x_rtc.c   0x00000000   Number         0  stm32f10x_rtc.o ABSOLUTE
    ..\STM32F10x_FWLib\src\stm32f10x_sdio.c  0x00000000   Number         0  stm32f10x_sdio.o ABSOLUTE
    ..\STM32F10x_FWLib\src\stm32f10x_spi.c   0x00000000   Number         0  stm32f10x_spi.o ABSOLUTE
    ..\STM32F10x_FWLib\src\stm32f10x_tim.c   0x00000000   Number         0  stm32f10x_tim.o ABSOLUTE
    ..\STM32F10x_FWLib\src\stm32f10x_usart.c 0x00000000   Number         0  stm32f10x_usart.o ABSOLUTE
    ..\STM32F10x_FWLib\src\stm32f10x_wwdg.c  0x00000000   Number         0  stm32f10x_wwdg.o ABSOLUTE
    ..\SYSTEM\delay\delay.c                  0x00000000   Number         0  delay.o ABSOLUTE
    ..\SYSTEM\sys\sys.c                      0x00000000   Number         0  sys.o ABSOLUTE
    ..\SYSTEM\usart\usart.c                  0x00000000   Number         0  usart.o ABSOLUTE
    ..\\CORE\\core_cm3.c                     0x00000000   Number         0  core_cm3.o ABSOLUTE
    ..\\SYSTEM\\sys\\sys.c                   0x00000000   Number         0  sys.o ABSOLUTE
    dc.s                                     0x00000000   Number         0  dc.o ABSOLUTE
    main.c                                   0x00000000   Number         0  main.o ABSOLUTE
    stm32f10x_it.c                           0x00000000   Number         0  stm32f10x_it.o ABSOLUTE
    system_stm32f10x.c                       0x00000000   Number         0  system_stm32f10x.o ABSOLUTE
    RESET                                    0x08000000   Section      304  startup_stm32f10x_hd.o(RESET)
    !!!main                                  0x08000130   Section        8  __main.o(!!!main)
    !!!scatter                               0x08000138   Section       52  __scatter.o(!!!scatter)
    !!dczerorl2                              0x0800016c   Section       90  __dczerorl2.o(!!dczerorl2)
    !!handler_zi                             0x080001c8   Section       28  __scatter_zi.o(!!handler_zi)
    .ARM.Collect$$_printf_percent$$00000000  0x080001e4   Section        0  _printf_percent.o(.ARM.Collect$$_printf_percent$$00000000)
    .ARM.Collect$$_printf_percent$$00000009  0x080001e4   Section        6  _printf_d.o(.ARM.Collect$$_printf_percent$$00000009)
    .ARM.Collect$$_printf_percent$$00000017  0x080001ea   Section        4  _printf_percent_end.o(.ARM.Collect$$_printf_percent$$00000017)
    .ARM.Collect$$libinit$$00000000          0x080001ee   Section        2  libinit.o(.ARM.Collect$$libinit$$00000000)
    .ARM.Collect$$libinit$$00000002          0x080001f0   Section        0  libinit2.o(.ARM.Collect$$libinit$$00000002)
    .ARM.Collect$$libinit$$00000004          0x080001f0   Section        0  libinit2.o(.ARM.Collect$$libinit$$00000004)
    .ARM.Collect$$libinit$$0000000A          0x080001f0   Section        0  libinit2.o(.ARM.Collect$$libinit$$0000000A)
    .ARM.Collect$$libinit$$0000000C          0x080001f0   Section        0  libinit2.o(.ARM.Collect$$libinit$$0000000C)
    .ARM.Collect$$libinit$$0000000E          0x080001f0   Section        0  libinit2.o(.ARM.Collect$$libinit$$0000000E)
    .ARM.Collect$$libinit$$00000011          0x080001f0   Section        0  libinit2.o(.ARM.Collect$$libinit$$00000011)
    .ARM.Collect$$libinit$$00000013          0x080001f0   Section        0  libinit2.o(.ARM.Collect$$libinit$$00000013)
    .ARM.Collect$$libinit$$00000015          0x080001f0   Section        0  libinit2.o(.ARM.Collect$$libinit$$00000015)
    .ARM.Collect$$libinit$$00000017          0x080001f0   Section        0  libinit2.o(.ARM.Collect$$libinit$$00000017)
    .ARM.Collect$$libinit$$00000019          0x080001f0   Section        0  libinit2.o(.ARM.Collect$$libinit$$00000019)
    .ARM.Collect$$libinit$$0000001B          0x080001f0   Section        0  libinit2.o(.ARM.Collect$$libinit$$0000001B)
    .ARM.Collect$$libinit$$0000001D          0x080001f0   Section        0  libinit2.o(.ARM.Collect$$libinit$$0000001D)
    .ARM.Collect$$libinit$$0000001F          0x080001f0   Section        0  libinit2.o(.ARM.Collect$$libinit$$0000001F)
    .ARM.Collect$$libinit$$00000021          0x080001f0   Section        0  libinit2.o(.ARM.Collect$$libinit$$00000021)
    .ARM.Collect$$libinit$$00000023          0x080001f0   Section        0  libinit2.o(.ARM.Collect$$libinit$$00000023)
    .ARM.Collect$$libinit$$00000025          0x080001f0   Section        0  libinit2.o(.ARM.Collect$$libinit$$00000025)
    .ARM.Collect$$libinit$$0000002C          0x080001f0   Section        0  libinit2.o(.ARM.Collect$$libinit$$0000002C)
    .ARM.Collect$$libinit$$0000002E          0x080001f0   Section        0  libinit2.o(.ARM.Collect$$libinit$$0000002E)
    .ARM.Collect$$libinit$$00000030          0x080001f0   Section        0  libinit2.o(.ARM.Collect$$libinit$$00000030)
    .ARM.Collect$$libinit$$00000032          0x080001f0   Section        0  libinit2.o(.ARM.Collect$$libinit$$00000032)
    .ARM.Collect$$libinit$$00000033          0x080001f0   Section        2  libinit2.o(.ARM.Collect$$libinit$$00000033)
    .ARM.Collect$$libshutdown$$00000000      0x080001f2   Section        2  libshutdown.o(.ARM.Collect$$libshutdown$$00000000)
    .ARM.Collect$$libshutdown$$00000003      0x080001f4   Section        0  libshutdown2.o(.ARM.Collect$$libshutdown$$00000003)
    .ARM.Collect$$libshutdown$$00000006      0x080001f4   Section        0  libshutdown2.o(.ARM.Collect$$libshutdown$$00000006)
    .ARM.Collect$$libshutdown$$00000009      0x080001f4   Section        0  libshutdown2.o(.ARM.Collect$$libshutdown$$00000009)
    .ARM.Collect$$libshutdown$$0000000B      0x080001f4   Section        0  libshutdown2.o(.ARM.Collect$$libshutdown$$0000000B)
    .ARM.Collect$$libshutdown$$0000000E      0x080001f4   Section        0  libshutdown2.o(.ARM.Collect$$libshutdown$$0000000E)
    .ARM.Collect$$libshutdown$$0000000F      0x080001f4   Section        2  libshutdown2.o(.ARM.Collect$$libshutdown$$0000000F)
    .ARM.Collect$$rtentry$$00000000          0x080001f6   Section        0  __rtentry.o(.ARM.Collect$$rtentry$$00000000)
    .ARM.Collect$$rtentry$$00000002          0x080001f6   Section        0  __rtentry2.o(.ARM.Collect$$rtentry$$00000002)
    .ARM.Collect$$rtentry$$00000004          0x080001f6   Section        6  __rtentry4.o(.ARM.Collect$$rtentry$$00000004)
    .ARM.Collect$$rtentry$$00000009          0x080001fc   Section        0  __rtentry2.o(.ARM.Collect$$rtentry$$00000009)
    .ARM.Collect$$rtentry$$0000000A          0x080001fc   Section        4  __rtentry2.o(.ARM.Collect$$rtentry$$0000000A)
    .ARM.Collect$$rtentry$$0000000C          0x08000200   Section        0  __rtentry2.o(.ARM.Collect$$rtentry$$0000000C)
    .ARM.Collect$$rtentry$$0000000D          0x08000200   Section        8  __rtentry2.o(.ARM.Collect$$rtentry$$0000000D)
    .ARM.Collect$$rtexit$$00000000           0x08000208   Section        2  rtexit.o(.ARM.Collect$$rtexit$$00000000)
    .ARM.Collect$$rtexit$$00000002           0x0800020a   Section        0  rtexit2.o(.ARM.Collect$$rtexit$$00000002)
    .ARM.Collect$$rtexit$$00000003           0x0800020a   Section        4  rtexit2.o(.ARM.Collect$$rtexit$$00000003)
    .ARM.Collect$$rtexit$$00000004           0x0800020e   Section        6  rtexit2.o(.ARM.Collect$$rtexit$$00000004)
    .text                                    0x08000214   Section       64  startup_stm32f10x_hd.o(.text)
    .text                                    0x08000254   Section        2  use_no_semi_2.o(.text)
    .text                                    0x08000258   Section        0  noretval__2printf.o(.text)
    .text                                    0x08000270   Section        0  __printf.o(.text)
    .text                                    0x080002d8   Section        0  _printf_dec.o(.text)
    .text                                    0x08000350   Section        0  heapauxi.o(.text)
    .text                                    0x08000356   Section        2  use_no_semi.o(.text)
    .text                                    0x08000358   Section        0  _printf_intcommon.o(.text)
    .text                                    0x0800040c   Section        0  _printf_char_file.o(.text)
    .text                                    0x08000430   Section        0  _printf_char_common.o(.text)
    _printf_input_char                       0x08000431   Thumb Code    10  _printf_char_common.o(.text)
    .text                                    0x08000460   Section        0  ferror.o(.text)
    .text                                    0x08000468   Section       74  sys_stackheap_outer.o(.text)
    .text                                    0x080004b2   Section        0  exit.o(.text)
    .text                                    0x080004c0   Section        8  libspace.o(.text)
    i.BKP_DeInit                             0x080004c8   Section        0  stm32f10x_bkp.o(i.BKP_DeInit)
    i.BKP_ReadBackupRegister                 0x080004d8   Section        0  stm32f10x_bkp.o(i.BKP_ReadBackupRegister)
    i.BKP_WriteBackupRegister                0x080004f4   Section        0  stm32f10x_bkp.o(i.BKP_WriteBackupRegister)
    i.BusFault_Handler                       0x08000510   Section        0  stm32f10x_it.o(i.BusFault_Handler)
    i.DebugMon_Handler                       0x08000514   Section        0  stm32f10x_it.o(i.DebugMon_Handler)
    i.EXTI0_IRQHandler                       0x08000518   Section        0  exti.o(i.EXTI0_IRQHandler)
    i.EXTI1_IRQHandler                       0x0800054c   Section        0  exti.o(i.EXTI1_IRQHandler)
    i.EXTI2_IRQHandler                       0x08000580   Section        0  exti.o(i.EXTI2_IRQHandler)
    i.EXTI3_IRQHandler                       0x080005b4   Section        0  exti.o(i.EXTI3_IRQHandler)
    i.EXTI4_IRQHandler                       0x080005e8   Section        0  exti.o(i.EXTI4_IRQHandler)
    i.EXTI_ClearITPendingBit                 0x08000634   Section        0  stm32f10x_exti.o(i.EXTI_ClearITPendingBit)
    i.GPIO_Init                              0x08000640   Section        0  stm32f10x_gpio.o(i.GPIO_Init)
    i.GPIO_ReadInputDataBit                  0x08000756   Section        0  stm32f10x_gpio.o(i.GPIO_ReadInputDataBit)
    i.GPIO_ResetBits                         0x08000768   Section        0  stm32f10x_gpio.o(i.GPIO_ResetBits)
    i.GPIO_SetBits                           0x0800076c   Section        0  stm32f10x_gpio.o(i.GPIO_SetBits)
    i.HardFault_Handler                      0x08000770   Section        0  stm32f10x_it.o(i.HardFault_Handler)
    i.IIC_Start                              0x08000774   Section        0  oled.o(i.IIC_Start)
    i.IIC_Stop                               0x080007a4   Section        0  oled.o(i.IIC_Stop)
    i.IIC_Wait_Ack                           0x080007cc   Section        0  oled.o(i.IIC_Wait_Ack)
    i.Is_Leap_Year                           0x080007e8   Section        0  rtc.o(i.Is_Leap_Year)
    i.LED_Init                               0x08000824   Section        0  led.o(i.LED_Init)
    i.MemManage_Handler                      0x08000870   Section        0  stm32f10x_it.o(i.MemManage_Handler)
    i.NMI_Handler                            0x08000874   Section        0  stm32f10x_it.o(i.NMI_Handler)
    i.NVIC_Init                              0x08000878   Section        0  misc.o(i.NVIC_Init)
    i.NVIC_PriorityGroupConfig               0x080008e8   Section        0  misc.o(i.NVIC_PriorityGroupConfig)
    i.OLED_Clear                             0x080008fc   Section        0  oled.o(i.OLED_Clear)
    i.OLED_Init                              0x0800093c   Section        0  oled.o(i.OLED_Init)
    i.OLED_Roll                              0x08000a50   Section        0  oled.o(i.OLED_Roll)
    i.OLED_Set_Pos                           0x08000ba4   Section        0  oled.o(i.OLED_Set_Pos)
    i.OLED_ShowCHinese                       0x08000bcc   Section        0  oled.o(i.OLED_ShowCHinese)
    i.OLED_ShowChar                          0x08000c34   Section        0  oled.o(i.OLED_ShowChar)
    i.OLED_ShowNum                           0x08000cd8   Section        0  oled.o(i.OLED_ShowNum)
    i.OLED_ShowString                        0x08000d60   Section        0  oled.o(i.OLED_ShowString)
    i.OLED_WR_Byte                           0x08000d9a   Section        0  oled.o(i.OLED_WR_Byte)
    i.PWR_BackupAccessCmd                    0x08000db4   Section        0  stm32f10x_pwr.o(i.PWR_BackupAccessCmd)
    i.PendSV_Handler                         0x08000dc0   Section        0  stm32f10x_it.o(i.PendSV_Handler)
    i.RCC_APB1PeriphClockCmd                 0x08000dc4   Section        0  stm32f10x_rcc.o(i.RCC_APB1PeriphClockCmd)
    i.RCC_APB2PeriphClockCmd                 0x08000de4   Section        0  stm32f10x_rcc.o(i.RCC_APB2PeriphClockCmd)
    i.RCC_BackupResetCmd                     0x08000e04   Section        0  stm32f10x_rcc.o(i.RCC_BackupResetCmd)
    i.RCC_GetClocksFreq                      0x08000e10   Section        0  stm32f10x_rcc.o(i.RCC_GetClocksFreq)
    i.RCC_GetFlagStatus                      0x08000ee4   Section        0  stm32f10x_rcc.o(i.RCC_GetFlagStatus)
    i.RCC_LSEConfig                          0x08000f20   Section        0  stm32f10x_rcc.o(i.RCC_LSEConfig)
    i.RCC_RTCCLKCmd                          0x08000f54   Section        0  stm32f10x_rcc.o(i.RCC_RTCCLKCmd)
    i.RCC_RTCCLKConfig                       0x08000f60   Section        0  stm32f10x_rcc.o(i.RCC_RTCCLKConfig)
    i.RTC_ClearITPendingBit                  0x08000f70   Section        0  stm32f10x_rtc.o(i.RTC_ClearITPendingBit)
    i.RTC_EnterConfigMode                    0x08000f80   Section        0  stm32f10x_rtc.o(i.RTC_EnterConfigMode)
    i.RTC_ExitConfigMode                     0x08000f94   Section        0  stm32f10x_rtc.o(i.RTC_ExitConfigMode)
    i.RTC_Get                                0x08000fa8   Section        0  rtc.o(i.RTC_Get)
    i.RTC_GetCounter                         0x080010a8   Section        0  stm32f10x_rtc.o(i.RTC_GetCounter)
    i.RTC_GetITStatus                        0x080010bc   Section        0  stm32f10x_rtc.o(i.RTC_GetITStatus)
    i.RTC_Get_Week                           0x080010e0   Section        0  rtc.o(i.RTC_Get_Week)
    i.RTC_IRQHandler                         0x08001158   Section        0  rtc.o(i.RTC_IRQHandler)
    i.RTC_ITConfig                           0x080011c8   Section        0  stm32f10x_rtc.o(i.RTC_ITConfig)
    i.RTC_Init                               0x080011e8   Section        0  rtc.o(i.RTC_Init)
    i.RTC_NVIC_Config                        0x080012a8   Section        0  rtc.o(i.RTC_NVIC_Config)
    RTC_NVIC_Config                          0x080012a9   Thumb Code    32  rtc.o(i.RTC_NVIC_Config)
    i.RTC_Set                                0x080012c8   Section        0  rtc.o(i.RTC_Set)
    i.RTC_SetCounter                         0x08001390   Section        0  stm32f10x_rtc.o(i.RTC_SetCounter)
    i.RTC_SetPrescaler                       0x080013ac   Section        0  stm32f10x_rtc.o(i.RTC_SetPrescaler)
    i.RTC_WaitForLastTask                    0x080013cc   Section        0  stm32f10x_rtc.o(i.RTC_WaitForLastTask)
    i.RTC_WaitForSynchro                     0x080013e0   Section        0  stm32f10x_rtc.o(i.RTC_WaitForSynchro)
    i.SVC_Handler                            0x08001404   Section        0  stm32f10x_it.o(i.SVC_Handler)
    i.SetSysClock                            0x08001406   Section        0  system_stm32f10x.o(i.SetSysClock)
    SetSysClock                              0x08001407   Thumb Code     8  system_stm32f10x.o(i.SetSysClock)
    i.SetSysClockTo72                        0x08001410   Section        0  system_stm32f10x.o(i.SetSysClockTo72)
    SetSysClockTo72                          0x08001411   Thumb Code   214  system_stm32f10x.o(i.SetSysClockTo72)
    i.SysTick_CLKSourceConfig                0x080014f0   Section        0  misc.o(i.SysTick_CLKSourceConfig)
    i.SysTick_Handler                        0x08001518   Section        0  stm32f10x_it.o(i.SysTick_Handler)
    i.SystemInit                             0x0800151c   Section        0  system_stm32f10x.o(i.SystemInit)
    i.TIM3_IRQHandler                        0x0800157c   Section        0  timer.o(i.TIM3_IRQHandler)
    i.TIM5_IRQHandler                        0x080015ac   Section        0  timer.o(i.TIM5_IRQHandler)
    i.TIM_ClearITPendingBit                  0x08001640   Section        0  stm32f10x_tim.o(i.TIM_ClearITPendingBit)
    i.TIM_GetCapture1                        0x08001646   Section        0  stm32f10x_tim.o(i.TIM_GetCapture1)
    i.TIM_GetITStatus                        0x0800164c   Section        0  stm32f10x_tim.o(i.TIM_GetITStatus)
    i.TIM_OC1PolarityConfig                  0x0800166e   Section        0  stm32f10x_tim.o(i.TIM_OC1PolarityConfig)
    i.USART1_IRQHandler                      0x08001680   Section        0  usart.o(i.USART1_IRQHandler)
    i.USART_Cmd                              0x08001708   Section        0  stm32f10x_usart.o(i.USART_Cmd)
    i.USART_GetITStatus                      0x08001720   Section        0  stm32f10x_usart.o(i.USART_GetITStatus)
    i.USART_ITConfig                         0x08001774   Section        0  stm32f10x_usart.o(i.USART_ITConfig)
    i.USART_Init                             0x080017c0   Section        0  stm32f10x_usart.o(i.USART_Init)
    i.USART_ReceiveData                      0x08001898   Section        0  stm32f10x_usart.o(i.USART_ReceiveData)
    i.UsageFault_Handler                     0x080018a2   Section        0  stm32f10x_it.o(i.UsageFault_Handler)
    i.WWDG_ClearFlag                         0x080018a8   Section        0  stm32f10x_wwdg.o(i.WWDG_ClearFlag)
    i.WWDG_Enable                            0x080018b4   Section        0  stm32f10x_wwdg.o(i.WWDG_Enable)
    i.WWDG_IRQHandler                        0x080018c4   Section        0  iwdg.o(i.WWDG_IRQHandler)
    i.WWDG_Set_Counter                       0x080018ec   Section        0  iwdg.o(i.WWDG_Set_Counter)
    i.Write_IIC_Byte                         0x080018f8   Section        0  oled.o(i.Write_IIC_Byte)
    i.Write_IIC_Command                      0x08001954   Section        0  oled.o(i.Write_IIC_Command)
    i.Write_IIC_Data                         0x08001980   Section        0  oled.o(i.Write_IIC_Data)
    i._sys_exit                              0x080019ac   Section        0  usart.o(i._sys_exit)
    i.delay_init                             0x080019b0   Section        0  delay.o(i.delay_init)
    i.delay_ms                               0x080019f4   Section        0  delay.o(i.delay_ms)
    i.fputc                                  0x08001a40   Section        0  usart.o(i.fputc)
    i.main                                   0x08001a5c   Section        0  main.o(i.main)
    i.oled_pow                               0x08001c0c   Section        0  oled.o(i.oled_pow)
    i.uart_init                              0x08001c24   Section        0  usart.o(i.uart_init)
    .constdata                               0x08001cc4   Section     2072  oled.o(.constdata)
    .constdata                               0x080024dc   Section       24  rtc.o(.constdata)
    .data                                    0x20000000   Section       20  system_stm32f10x.o(.data)
    .data                                    0x20000014   Section        4  delay.o(.data)
    fac_us                                   0x20000014   Data           1  delay.o(.data)
    fac_ms                                   0x20000016   Data           2  delay.o(.data)
    .data                                    0x20000018   Section        6  usart.o(.data)
    .data                                    0x2000001e   Section       20  stm32f10x_rcc.o(.data)
    APBAHBPrescTable                         0x2000001e   Data          16  stm32f10x_rcc.o(.data)
    ADCPrescTable                            0x2000002e   Data           4  stm32f10x_rcc.o(.data)
    .data                                    0x20000032   Section      640  oled.o(.data)
    .data                                    0x200002b2   Section        1  iwdg.o(.data)
    .data                                    0x200002b4   Section        4  timer.o(.data)
    .data                                    0x200002b8   Section        2  rtc.o(.data)
    daycnt                                   0x200002b8   Data           2  rtc.o(.data)
    .bss                                     0x200002bc   Section      200  usart.o(.bss)
    .bss                                     0x20000384   Section       10  rtc.o(.bss)
    .bss                                     0x20000390   Section       96  libspace.o(.bss)
    HEAP                                     0x200003f0   Section      512  startup_stm32f10x_hd.o(HEAP)
    Heap_Mem                                 0x200003f0   Data         512  startup_stm32f10x_hd.o(HEAP)
    STACK                                    0x200005f0   Section     1024  startup_stm32f10x_hd.o(STACK)
    Stack_Mem                                0x200005f0   Data        1024  startup_stm32f10x_hd.o(STACK)
    __initial_sp                             0x200009f0   Data           0  startup_stm32f10x_hd.o(STACK)

    Global Symbols

    Symbol Name                              Value     Ov Type        Size  Object(Section)

    BuildAttributes$$THM_ISAv4$P$D$K$B$S$PE$A:L22UL41UL21$X:L11$S22US41US21$IEEE1$IW$USESV6$~STKCKD$USESV7$~SHL$OSPACE$ROPI$EBA8$UX$STANDARDLIB$REQ8$PRES8$EABIv2 0x00000000   Number         0  anon$$obj.o ABSOLUTE
    __ARM_use_no_argv                        0x00000000   Number         0  main.o ABSOLUTE
    __ARM_exceptions_init                     - Undefined Weak Reference
    __alloca_initialize                       - Undefined Weak Reference
    __arm_preinit_                            - Undefined Weak Reference
    __cpp_initialize__aeabi_                  - Undefined Weak Reference
    __cxa_finalize                            - Undefined Weak Reference
    __rt_locale                               - Undefined Weak Reference
    __sigvec_lookup                           - Undefined Weak Reference
    _atexit_init                              - Undefined Weak Reference
    _call_atexit_fns                          - Undefined Weak Reference
    _clock_init                               - Undefined Weak Reference
    _fp_trap_init                             - Undefined Weak Reference
    _fp_trap_shutdown                         - Undefined Weak Reference
    _get_lc_collate                           - Undefined Weak Reference
    _get_lc_ctype                             - Undefined Weak Reference
    _get_lc_monetary                          - Undefined Weak Reference
    _get_lc_numeric                           - Undefined Weak Reference
    _get_lc_time                              - Undefined Weak Reference
    _getenv_init                              - Undefined Weak Reference
    _handle_redirection                       - Undefined Weak Reference
    _init_alloc                               - Undefined Weak Reference
    _init_user_alloc                          - Undefined Weak Reference
    _initio                                   - Undefined Weak Reference
    _mutex_acquire                            - Undefined Weak Reference
    _mutex_release                            - Undefined Weak Reference
    _printf_post_padding                      - Undefined Weak Reference
    _printf_pre_padding                       - Undefined Weak Reference
    _printf_truncate_signed                   - Undefined Weak Reference
    _printf_truncate_unsigned                 - Undefined Weak Reference
    _rand_init                                - Undefined Weak Reference
    _signal_finish                            - Undefined Weak Reference
    _signal_init                              - Undefined Weak Reference
    _terminate_alloc                          - Undefined Weak Reference
    _terminate_user_alloc                     - Undefined Weak Reference
    _terminateio                              - Undefined Weak Reference
    __Vectors_Size                           0x00000130   Number         0  startup_stm32f10x_hd.o ABSOLUTE
    __Vectors                                0x08000000   Data           4  startup_stm32f10x_hd.o(RESET)
    __Vectors_End                            0x08000130   Data           0  startup_stm32f10x_hd.o(RESET)
    __main                                   0x08000131   Thumb Code     8  __main.o(!!!main)
    __scatterload                            0x08000139   Thumb Code     0  __scatter.o(!!!scatter)
    __scatterload_rt2                        0x08000139   Thumb Code    44  __scatter.o(!!!scatter)
    __scatterload_rt2_thumb_only             0x08000139   Thumb Code     0  __scatter.o(!!!scatter)
    __scatterload_null                       0x08000147   Thumb Code     0  __scatter.o(!!!scatter)
    __decompress                             0x0800016d   Thumb Code    90  __dczerorl2.o(!!dczerorl2)
    __decompress1                            0x0800016d   Thumb Code     0  __dczerorl2.o(!!dczerorl2)
    __scatterload_zeroinit                   0x080001c9   Thumb Code    28  __scatter_zi.o(!!handler_zi)
    _printf_d                                0x080001e5   Thumb Code     0  _printf_d.o(.ARM.Collect$$_printf_percent$$00000009)
    _printf_percent                          0x080001e5   Thumb Code     0  _printf_percent.o(.ARM.Collect$$_printf_percent$$00000000)
    _printf_percent_end                      0x080001eb   Thumb Code     0  _printf_percent_end.o(.ARM.Collect$$_printf_percent$$00000017)
    __rt_lib_init                            0x080001ef   Thumb Code     0  libinit.o(.ARM.Collect$$libinit$$00000000)
    __rt_lib_init_alloca_1                   0x080001f1   Thumb Code     0  libinit2.o(.ARM.Collect$$libinit$$0000002E)
    __rt_lib_init_argv_1                     0x080001f1   Thumb Code     0  libinit2.o(.ARM.Collect$$libinit$$0000002C)
    __rt_lib_init_atexit_1                   0x080001f1   Thumb Code     0  libinit2.o(.ARM.Collect$$libinit$$0000001B)
    __rt_lib_init_clock_1                    0x080001f1   Thumb Code     0  libinit2.o(.ARM.Collect$$libinit$$00000021)
    __rt_lib_init_cpp_1                      0x080001f1   Thumb Code     0  libinit2.o(.ARM.Collect$$libinit$$00000032)
    __rt_lib_init_exceptions_1               0x080001f1   Thumb Code     0  libinit2.o(.ARM.Collect$$libinit$$00000030)
    __rt_lib_init_fp_1                       0x080001f1   Thumb Code     0  libinit2.o(.ARM.Collect$$libinit$$00000002)
    __rt_lib_init_fp_trap_1                  0x080001f1   Thumb Code     0  libinit2.o(.ARM.Collect$$libinit$$0000001F)
    __rt_lib_init_getenv_1                   0x080001f1   Thumb Code     0  libinit2.o(.ARM.Collect$$libinit$$00000023)
    __rt_lib_init_heap_1                     0x080001f1   Thumb Code     0  libinit2.o(.ARM.Collect$$libinit$$0000000A)
    __rt_lib_init_lc_collate_1               0x080001f1   Thumb Code     0  libinit2.o(.ARM.Collect$$libinit$$00000011)
    __rt_lib_init_lc_ctype_1                 0x080001f1   Thumb Code     0  libinit2.o(.ARM.Collect$$libinit$$00000013)
    __rt_lib_init_lc_monetary_1              0x080001f1   Thumb Code     0  libinit2.o(.ARM.Collect$$libinit$$00000015)
    __rt_lib_init_lc_numeric_1               0x080001f1   Thumb Code     0  libinit2.o(.ARM.Collect$$libinit$$00000017)
    __rt_lib_init_lc_time_1                  0x080001f1   Thumb Code     0  libinit2.o(.ARM.Collect$$libinit$$00000019)
    __rt_lib_init_preinit_1                  0x080001f1   Thumb Code     0  libinit2.o(.ARM.Collect$$libinit$$00000004)
    __rt_lib_init_rand_1                     0x080001f1   Thumb Code     0  libinit2.o(.ARM.Collect$$libinit$$0000000E)
    __rt_lib_init_return                     0x080001f1   Thumb Code     0  libinit2.o(.ARM.Collect$$libinit$$00000033)
    __rt_lib_init_signal_1                   0x080001f1   Thumb Code     0  libinit2.o(.ARM.Collect$$libinit$$0000001D)
    __rt_lib_init_stdio_1                    0x080001f1   Thumb Code     0  libinit2.o(.ARM.Collect$$libinit$$00000025)
    __rt_lib_init_user_alloc_1               0x080001f1   Thumb Code     0  libinit2.o(.ARM.Collect$$libinit$$0000000C)
    __rt_lib_shutdown                        0x080001f3   Thumb Code     0  libshutdown.o(.ARM.Collect$$libshutdown$$00000000)
    __rt_lib_shutdown_fp_trap_1              0x080001f5   Thumb Code     0  libshutdown2.o(.ARM.Collect$$libshutdown$$00000006)
    __rt_lib_shutdown_heap_1                 0x080001f5   Thumb Code     0  libshutdown2.o(.ARM.Collect$$libshutdown$$0000000E)
    __rt_lib_shutdown_return                 0x080001f5   Thumb Code     0  libshutdown2.o(.ARM.Collect$$libshutdown$$0000000F)
    __rt_lib_shutdown_signal_1               0x080001f5   Thumb Code     0  libshutdown2.o(.ARM.Collect$$libshutdown$$00000009)
    __rt_lib_shutdown_stdio_1                0x080001f5   Thumb Code     0  libshutdown2.o(.ARM.Collect$$libshutdown$$00000003)
    __rt_lib_shutdown_user_alloc_1           0x080001f5   Thumb Code     0  libshutdown2.o(.ARM.Collect$$libshutdown$$0000000B)
    __rt_entry                               0x080001f7   Thumb Code     0  __rtentry.o(.ARM.Collect$$rtentry$$00000000)
    __rt_entry_presh_1                       0x080001f7   Thumb Code     0  __rtentry2.o(.ARM.Collect$$rtentry$$00000002)
    __rt_entry_sh                            0x080001f7   Thumb Code     0  __rtentry4.o(.ARM.Collect$$rtentry$$00000004)
    __rt_entry_li                            0x080001fd   Thumb Code     0  __rtentry2.o(.ARM.Collect$$rtentry$$0000000A)
    __rt_entry_postsh_1                      0x080001fd   Thumb Code     0  __rtentry2.o(.ARM.Collect$$rtentry$$00000009)
    __rt_entry_main                          0x08000201   Thumb Code     0  __rtentry2.o(.ARM.Collect$$rtentry$$0000000D)
    __rt_entry_postli_1                      0x08000201   Thumb Code     0  __rtentry2.o(.ARM.Collect$$rtentry$$0000000C)
    __rt_exit                                0x08000209   Thumb Code     0  rtexit.o(.ARM.Collect$$rtexit$$00000000)
    __rt_exit_ls                             0x0800020b   Thumb Code     0  rtexit2.o(.ARM.Collect$$rtexit$$00000003)
    __rt_exit_prels_1                        0x0800020b   Thumb Code     0  rtexit2.o(.ARM.Collect$$rtexit$$00000002)
    __rt_exit_exit                           0x0800020f   Thumb Code     0  rtexit2.o(.ARM.Collect$$rtexit$$00000004)
    Reset_Handler                            0x08000215   Thumb Code     8  startup_stm32f10x_hd.o(.text)
    ADC1_2_IRQHandler                        0x0800022f   Thumb Code     0  startup_stm32f10x_hd.o(.text)
    ADC3_IRQHandler                          0x0800022f   Thumb Code     0  startup_stm32f10x_hd.o(.text)
    CAN1_RX1_IRQHandler                      0x0800022f   Thumb Code     0  startup_stm32f10x_hd.o(.text)
    CAN1_SCE_IRQHandler                      0x0800022f   Thumb Code     0  startup_stm32f10x_hd.o(.text)
    DMA1_Channel1_IRQHandler                 0x0800022f   Thumb Code     0  startup_stm32f10x_hd.o(.text)
    DMA1_Channel2_IRQHandler                 0x0800022f   Thumb Code     0  startup_stm32f10x_hd.o(.text)
    DMA1_Channel3_IRQHandler                 0x0800022f   Thumb Code     0  startup_stm32f10x_hd.o(.text)
    DMA1_Channel4_IRQHandler                 0x0800022f   Thumb Code     0  startup_stm32f10x_hd.o(.text)
    DMA1_Channel5_IRQHandler                 0x0800022f   Thumb Code     0  startup_stm32f10x_hd.o(.text)
    DMA1_Channel6_IRQHandler                 0x0800022f   Thumb Code     0  startup_stm32f10x_hd.o(.text)
    DMA1_Channel7_IRQHandler                 0x0800022f   Thumb Code     0  startup_stm32f10x_hd.o(.text)
    DMA2_Channel1_IRQHandler                 0x0800022f   Thumb Code     0  startup_stm32f10x_hd.o(.text)
    DMA2_Channel2_IRQHandler                 0x0800022f   Thumb Code     0  startup_stm32f10x_hd.o(.text)
    DMA2_Channel3_IRQHandler                 0x0800022f   Thumb Code     0  startup_stm32f10x_hd.o(.text)
    DMA2_Channel4_5_IRQHandler               0x0800022f   Thumb Code     0  startup_stm32f10x_hd.o(.text)
    EXTI15_10_IRQHandler                     0x0800022f   Thumb Code     0  startup_stm32f10x_hd.o(.text)
    EXTI9_5_IRQHandler                       0x0800022f   Thumb Code     0  startup_stm32f10x_hd.o(.text)
    FLASH_IRQHandler                         0x0800022f   Thumb Code     0  startup_stm32f10x_hd.o(.text)
    FSMC_IRQHandler                          0x0800022f   Thumb Code     0  startup_stm32f10x_hd.o(.text)
    I2C1_ER_IRQHandler                       0x0800022f   Thumb Code     0  startup_stm32f10x_hd.o(.text)
    I2C1_EV_IRQHandler                       0x0800022f   Thumb Code     0  startup_stm32f10x_hd.o(.text)
    I2C2_ER_IRQHandler                       0x0800022f   Thumb Code     0  startup_stm32f10x_hd.o(.text)
    I2C2_EV_IRQHandler                       0x0800022f   Thumb Code     0  startup_stm32f10x_hd.o(.text)
    PVD_IRQHandler                           0x0800022f   Thumb Code     0  startup_stm32f10x_hd.o(.text)
    RCC_IRQHandler                           0x0800022f   Thumb Code     0  startup_stm32f10x_hd.o(.text)
    RTCAlarm_IRQHandler                      0x0800022f   Thumb Code     0  startup_stm32f10x_hd.o(.text)
    SDIO_IRQHandler                          0x0800022f   Thumb Code     0  startup_stm32f10x_hd.o(.text)
    SPI1_IRQHandler                          0x0800022f   Thumb Code     0  startup_stm32f10x_hd.o(.text)
    SPI2_IRQHandler                          0x0800022f   Thumb Code     0  startup_stm32f10x_hd.o(.text)
    SPI3_IRQHandler                          0x0800022f   Thumb Code     0  startup_stm32f10x_hd.o(.text)
    TAMPER_IRQHandler                        0x0800022f   Thumb Code     0  startup_stm32f10x_hd.o(.text)
    TIM1_BRK_IRQHandler                      0x0800022f   Thumb Code     0  startup_stm32f10x_hd.o(.text)
    TIM1_CC_IRQHandler                       0x0800022f   Thumb Code     0  startup_stm32f10x_hd.o(.text)
    TIM1_TRG_COM_IRQHandler                  0x0800022f   Thumb Code     0  startup_stm32f10x_hd.o(.text)
    TIM1_UP_IRQHandler                       0x0800022f   Thumb Code     0  startup_stm32f10x_hd.o(.text)
    TIM2_IRQHandler                          0x0800022f   Thumb Code     0  startup_stm32f10x_hd.o(.text)
    TIM4_IRQHandler                          0x0800022f   Thumb Code     0  startup_stm32f10x_hd.o(.text)
    TIM6_IRQHandler                          0x0800022f   Thumb Code     0  startup_stm32f10x_hd.o(.text)
    TIM7_IRQHandler                          0x0800022f   Thumb Code     0  startup_stm32f10x_hd.o(.text)
    TIM8_BRK_IRQHandler                      0x0800022f   Thumb Code     0  startup_stm32f10x_hd.o(.text)
    TIM8_CC_IRQHandler                       0x0800022f   Thumb Code     0  startup_stm32f10x_hd.o(.text)
    TIM8_TRG_COM_IRQHandler                  0x0800022f   Thumb Code     0  startup_stm32f10x_hd.o(.text)
    TIM8_UP_IRQHandler                       0x0800022f   Thumb Code     0  startup_stm32f10x_hd.o(.text)
    UART4_IRQHandler                         0x0800022f   Thumb Code     0  startup_stm32f10x_hd.o(.text)
    UART5_IRQHandler                         0x0800022f   Thumb Code     0  startup_stm32f10x_hd.o(.text)
    USART2_IRQHandler                        0x0800022f   Thumb Code     0  startup_stm32f10x_hd.o(.text)
    USART3_IRQHandler                        0x0800022f   Thumb Code     0  startup_stm32f10x_hd.o(.text)
    USBWakeUp_IRQHandler                     0x0800022f   Thumb Code     0  startup_stm32f10x_hd.o(.text)
    USB_HP_CAN1_TX_IRQHandler                0x0800022f   Thumb Code     0  startup_stm32f10x_hd.o(.text)
    USB_LP_CAN1_RX0_IRQHandler               0x0800022f   Thumb Code     0  startup_stm32f10x_hd.o(.text)
    __user_initial_stackheap                 0x08000231   Thumb Code     0  startup_stm32f10x_hd.o(.text)
    __use_no_semihosting                     0x08000255   Thumb Code     2  use_no_semi_2.o(.text)
    __2printf                                0x08000259   Thumb Code    20  noretval__2printf.o(.text)
    __printf                                 0x08000271   Thumb Code   104  __printf.o(.text)
    _printf_int_dec                          0x080002d9   Thumb Code   104  _printf_dec.o(.text)
    __use_two_region_memory                  0x08000351   Thumb Code     2  heapauxi.o(.text)
    __rt_heap_escrow$2region                 0x08000353   Thumb Code     2  heapauxi.o(.text)
    __rt_heap_expand$2region                 0x08000355   Thumb Code     2  heapauxi.o(.text)
    __I$use$semihosting                      0x08000357   Thumb Code     0  use_no_semi.o(.text)
    __use_no_semihosting_swi                 0x08000357   Thumb Code     2  use_no_semi.o(.text)
    _printf_int_common                       0x08000359   Thumb Code   178  _printf_intcommon.o(.text)
    _printf_char_file                        0x0800040d   Thumb Code    32  _printf_char_file.o(.text)
    _printf_char_common                      0x0800043b   Thumb Code    32  _printf_char_common.o(.text)
    ferror                                   0x08000461   Thumb Code     8  ferror.o(.text)
    __user_setup_stackheap                   0x08000469   Thumb Code    74  sys_stackheap_outer.o(.text)
    exit                                     0x080004b3   Thumb Code    12  exit.o(.text)
    __user_libspace                          0x080004c1   Thumb Code     8  libspace.o(.text)
    __user_perproc_libspace                  0x080004c1   Thumb Code     0  libspace.o(.text)
    __user_perthread_libspace                0x080004c1   Thumb Code     0  libspace.o(.text)
    BKP_DeInit                               0x080004c9   Thumb Code    16  stm32f10x_bkp.o(i.BKP_DeInit)
    BKP_ReadBackupRegister                   0x080004d9   Thumb Code    24  stm32f10x_bkp.o(i.BKP_ReadBackupRegister)
    BKP_WriteBackupRegister                  0x080004f5   Thumb Code    22  stm32f10x_bkp.o(i.BKP_WriteBackupRegister)
    BusFault_Handler                         0x08000511   Thumb Code     4  stm32f10x_it.o(i.BusFault_Handler)
    DebugMon_Handler                         0x08000515   Thumb Code     2  stm32f10x_it.o(i.DebugMon_Handler)
    EXTI0_IRQHandler                         0x08000519   Thumb Code    44  exti.o(i.EXTI0_IRQHandler)
    EXTI1_IRQHandler                         0x0800054d   Thumb Code    44  exti.o(i.EXTI1_IRQHandler)
    EXTI2_IRQHandler                         0x08000581   Thumb Code    42  exti.o(i.EXTI2_IRQHandler)
    EXTI3_IRQHandler                         0x080005b5   Thumb Code    42  exti.o(i.EXTI3_IRQHandler)
    EXTI4_IRQHandler                         0x080005e9   Thumb Code    60  exti.o(i.EXTI4_IRQHandler)
    EXTI_ClearITPendingBit                   0x08000635   Thumb Code     6  stm32f10x_exti.o(i.EXTI_ClearITPendingBit)
    GPIO_Init                                0x08000641   Thumb Code   278  stm32f10x_gpio.o(i.GPIO_Init)
    GPIO_ReadInputDataBit                    0x08000757   Thumb Code    18  stm32f10x_gpio.o(i.GPIO_ReadInputDataBit)
    GPIO_ResetBits                           0x08000769   Thumb Code     4  stm32f10x_gpio.o(i.GPIO_ResetBits)
    GPIO_SetBits                             0x0800076d   Thumb Code     4  stm32f10x_gpio.o(i.GPIO_SetBits)
    HardFault_Handler                        0x08000771   Thumb Code     4  stm32f10x_it.o(i.HardFault_Handler)
    IIC_Start                                0x08000775   Thumb Code    44  oled.o(i.IIC_Start)
    IIC_Stop                                 0x080007a5   Thumb Code    34  oled.o(i.IIC_Stop)
    IIC_Wait_Ack                             0x080007cd   Thumb Code    24  oled.o(i.IIC_Wait_Ack)
    Is_Leap_Year                             0x080007e9   Thumb Code    58  rtc.o(i.Is_Leap_Year)
    LED_Init                                 0x08000825   Thumb Code    68  led.o(i.LED_Init)
    MemManage_Handler                        0x08000871   Thumb Code     4  stm32f10x_it.o(i.MemManage_Handler)
    NMI_Handler                              0x08000875   Thumb Code     2  stm32f10x_it.o(i.NMI_Handler)
    NVIC_Init                                0x08000879   Thumb Code   100  misc.o(i.NVIC_Init)
    NVIC_PriorityGroupConfig                 0x080008e9   Thumb Code    10  misc.o(i.NVIC_PriorityGroupConfig)
    OLED_Clear                               0x080008fd   Thumb Code    64  oled.o(i.OLED_Clear)
    OLED_Init                                0x0800093d   Thumb Code   272  oled.o(i.OLED_Init)
    OLED_Roll                                0x08000a51   Thumb Code   340  oled.o(i.OLED_Roll)
    OLED_Set_Pos                             0x08000ba5   Thumb Code    40  oled.o(i.OLED_Set_Pos)
    OLED_ShowCHinese                         0x08000bcd   Thumb Code    98  oled.o(i.OLED_ShowCHinese)
    OLED_ShowChar                            0x08000c35   Thumb Code   154  oled.o(i.OLED_ShowChar)
    OLED_ShowNum                             0x08000cd9   Thumb Code   136  oled.o(i.OLED_ShowNum)
    OLED_ShowString                          0x08000d61   Thumb Code    58  oled.o(i.OLED_ShowString)
    OLED_WR_Byte                             0x08000d9b   Thumb Code    24  oled.o(i.OLED_WR_Byte)
    PWR_BackupAccessCmd                      0x08000db5   Thumb Code     6  stm32f10x_pwr.o(i.PWR_BackupAccessCmd)
    PendSV_Handler                           0x08000dc1   Thumb Code     2  stm32f10x_it.o(i.PendSV_Handler)
    RCC_APB1PeriphClockCmd                   0x08000dc5   Thumb Code    26  stm32f10x_rcc.o(i.RCC_APB1PeriphClockCmd)
    RCC_APB2PeriphClockCmd                   0x08000de5   Thumb Code    26  stm32f10x_rcc.o(i.RCC_APB2PeriphClockCmd)
    RCC_BackupResetCmd                       0x08000e05   Thumb Code     6  stm32f10x_rcc.o(i.RCC_BackupResetCmd)
    RCC_GetClocksFreq                        0x08000e11   Thumb Code   192  stm32f10x_rcc.o(i.RCC_GetClocksFreq)
    RCC_GetFlagStatus                        0x08000ee5   Thumb Code    56  stm32f10x_rcc.o(i.RCC_GetFlagStatus)
    RCC_LSEConfig                            0x08000f21   Thumb Code    46  stm32f10x_rcc.o(i.RCC_LSEConfig)
    RCC_RTCCLKCmd                            0x08000f55   Thumb Code     6  stm32f10x_rcc.o(i.RCC_RTCCLKCmd)
    RCC_RTCCLKConfig                         0x08000f61   Thumb Code    12  stm32f10x_rcc.o(i.RCC_RTCCLKConfig)
    RTC_ClearITPendingBit                    0x08000f71   Thumb Code    12  stm32f10x_rtc.o(i.RTC_ClearITPendingBit)
    RTC_EnterConfigMode                      0x08000f81   Thumb Code    14  stm32f10x_rtc.o(i.RTC_EnterConfigMode)
    RTC_ExitConfigMode                       0x08000f95   Thumb Code    16  stm32f10x_rtc.o(i.RTC_ExitConfigMode)
    RTC_Get                                  0x08000fa9   Thumb Code   240  rtc.o(i.RTC_Get)
    RTC_GetCounter                           0x080010a9   Thumb Code    16  stm32f10x_rtc.o(i.RTC_GetCounter)
    RTC_GetITStatus                          0x080010bd   Thumb Code    32  stm32f10x_rtc.o(i.RTC_GetITStatus)
    RTC_Get_Week                             0x080010e1   Thumb Code   116  rtc.o(i.RTC_Get_Week)
    RTC_IRQHandler                           0x08001159   Thumb Code    76  rtc.o(i.RTC_IRQHandler)
    RTC_ITConfig                             0x080011c9   Thumb Code    26  stm32f10x_rtc.o(i.RTC_ITConfig)
    RTC_Init                                 0x080011e9   Thumb Code   192  rtc.o(i.RTC_Init)
    RTC_Set                                  0x080012c9   Thumb Code   184  rtc.o(i.RTC_Set)
    RTC_SetCounter                           0x08001391   Thumb Code    24  stm32f10x_rtc.o(i.RTC_SetCounter)
    RTC_SetPrescaler                         0x080013ad   Thumb Code    26  stm32f10x_rtc.o(i.RTC_SetPrescaler)
    RTC_WaitForLastTask                      0x080013cd   Thumb Code    16  stm32f10x_rtc.o(i.RTC_WaitForLastTask)
    RTC_WaitForSynchro                       0x080013e1   Thumb Code    30  stm32f10x_rtc.o(i.RTC_WaitForSynchro)
    SVC_Handler                              0x08001405   Thumb Code     2  stm32f10x_it.o(i.SVC_Handler)
    SysTick_CLKSourceConfig                  0x080014f1   Thumb Code    40  misc.o(i.SysTick_CLKSourceConfig)
    SysTick_Handler                          0x08001519   Thumb Code     2  stm32f10x_it.o(i.SysTick_Handler)
    SystemInit                               0x0800151d   Thumb Code    78  system_stm32f10x.o(i.SystemInit)
    TIM3_IRQHandler                          0x0800157d   Thumb Code    38  timer.o(i.TIM3_IRQHandler)
    TIM5_IRQHandler                          0x080015ad   Thumb Code   136  timer.o(i.TIM5_IRQHandler)
    TIM_ClearITPendingBit                    0x08001641   Thumb Code     6  stm32f10x_tim.o(i.TIM_ClearITPendingBit)
    TIM_GetCapture1                          0x08001647   Thumb Code     6  stm32f10x_tim.o(i.TIM_GetCapture1)
    TIM_GetITStatus                          0x0800164d   Thumb Code    34  stm32f10x_tim.o(i.TIM_GetITStatus)
    TIM_OC1PolarityConfig                    0x0800166f   Thumb Code    18  stm32f10x_tim.o(i.TIM_OC1PolarityConfig)
    USART1_IRQHandler                        0x08001681   Thumb Code   122  usart.o(i.USART1_IRQHandler)
    USART_Cmd                                0x08001709   Thumb Code    24  stm32f10x_usart.o(i.USART_Cmd)
    USART_GetITStatus                        0x08001721   Thumb Code    84  stm32f10x_usart.o(i.USART_GetITStatus)
    USART_ITConfig                           0x08001775   Thumb Code    74  stm32f10x_usart.o(i.USART_ITConfig)
    USART_Init                               0x080017c1   Thumb Code   210  stm32f10x_usart.o(i.USART_Init)
    USART_ReceiveData                        0x08001899   Thumb Code    10  stm32f10x_usart.o(i.USART_ReceiveData)
    UsageFault_Handler                       0x080018a3   Thumb Code     4  stm32f10x_it.o(i.UsageFault_Handler)
    WWDG_ClearFlag                           0x080018a9   Thumb Code     8  stm32f10x_wwdg.o(i.WWDG_ClearFlag)
    WWDG_Enable                              0x080018b5   Thumb Code    10  stm32f10x_wwdg.o(i.WWDG_Enable)
    WWDG_IRQHandler                          0x080018c5   Thumb Code    32  iwdg.o(i.WWDG_IRQHandler)
    WWDG_Set_Counter                         0x080018ed   Thumb Code    12  iwdg.o(i.WWDG_Set_Counter)
    Write_IIC_Byte                           0x080018f9   Thumb Code    88  oled.o(i.Write_IIC_Byte)
    Write_IIC_Command                        0x08001955   Thumb Code    44  oled.o(i.Write_IIC_Command)
    Write_IIC_Data                           0x08001981   Thumb Code    44  oled.o(i.Write_IIC_Data)
    _sys_exit                                0x080019ad   Thumb Code     4  usart.o(i._sys_exit)
    delay_init                               0x080019b1   Thumb Code    50  delay.o(i.delay_init)
    delay_ms                                 0x080019f5   Thumb Code    72  delay.o(i.delay_ms)
    fputc                                    0x08001a41   Thumb Code    24  usart.o(i.fputc)
    main                                     0x08001a5d   Thumb Code   356  main.o(i.main)
    oled_pow                                 0x08001c0d   Thumb Code    22  oled.o(i.oled_pow)
    uart_init                                0x08001c25   Thumb Code   152  usart.o(i.uart_init)
    F6x8                                     0x08001cc4   Data         552  oled.o(.constdata)
    F8X16                                    0x08001eec   Data        1520  oled.o(.constdata)
    table_week                               0x080024dc   Data          12  rtc.o(.constdata)
    mon_table                                0x080024e8   Data          12  rtc.o(.constdata)
    Region$$Table$$Base                      0x080024f4   Number         0  anon$$obj.o(Region$$Table)
    Region$$Table$$Limit                     0x08002514   Number         0  anon$$obj.o(Region$$Table)
    SystemCoreClock                          0x20000000   Data           4  system_stm32f10x.o(.data)
    AHBPrescTable                            0x20000004   Data          16  system_stm32f10x.o(.data)
    __stdout                                 0x20000018   Data           4  usart.o(.data)
    USART_RX_STA                             0x2000001c   Data           2  usart.o(.data)
    Hzk                                      0x20000032   Data         640  oled.o(.data)
    WWDG_CNT                                 0x200002b2   Data           1  iwdg.o(.data)
    TIM5CH1_CAPTURE_STA                      0x200002b4   Data           1  timer.o(.data)
    TIM5CH1_CAPTURE_VAL                      0x200002b6   Data           2  timer.o(.data)
    USART_RX_BUF                             0x200002bc   Data         200  usart.o(.bss)
    calendar                                 0x20000384   Data          10  rtc.o(.bss)
    __libspace_start                         0x20000390   Data          96  libspace.o(.bss)
    __temporary_stack_top$libspace           0x200003f0   Data           0  libspace.o(.bss)



==============================================================================

Memory Map of the image

  Image Entry point : 0x08000215

  Load Region LR_1 (Base: 0x08000000, Size: 0x000027d0, Max: 0xffffffff, ABSOLUTE, COMPRESSED[0x00002638])

    Execution Region ER_RO (Base: 0x08000000, Size: 0x00002514, Max: 0xffffffff, ABSOLUTE)

    Base Addr    Size         Type   Attr      Idx    E Section Name        Object

    0x08000000   0x00000130   Data   RO          380    RESET               startup_stm32f10x_hd.o
    0x08000130   0x00000008   Code   RO         3772  * !!!main             c_w.l(__main.o)
    0x08000138   0x00000034   Code   RO         3941    !!!scatter          c_w.l(__scatter.o)
    0x0800016c   0x0000005a   Code   RO         3939    !!dczerorl2         c_w.l(__dczerorl2.o)
    0x080001c6   0x00000002   PAD
    0x080001c8   0x0000001c   Code   RO         3943    !!handler_zi        c_w.l(__scatter_zi.o)
    0x080001e4   0x00000000   Code   RO         3769    .ARM.Collect$$_printf_percent$$00000000  c_w.l(_printf_percent.o)
    0x080001e4   0x00000006   Code   RO         3768    .ARM.Collect$$_printf_percent$$00000009  c_w.l(_printf_d.o)
    0x080001ea   0x00000004   Code   RO         3781    .ARM.Collect$$_printf_percent$$00000017  c_w.l(_printf_percent_end.o)
    0x080001ee   0x00000002   Code   RO         3814    .ARM.Collect$$libinit$$00000000  c_w.l(libinit.o)
    0x080001f0   0x00000000   Code   RO         3821    .ARM.Collect$$libinit$$00000002  c_w.l(libinit2.o)
    0x080001f0   0x00000000   Code   RO         3823    .ARM.Collect$$libinit$$00000004  c_w.l(libinit2.o)
    0x080001f0   0x00000000   Code   RO         3826    .ARM.Collect$$libinit$$0000000A  c_w.l(libinit2.o)
    0x080001f0   0x00000000   Code   RO         3828    .ARM.Collect$$libinit$$0000000C  c_w.l(libinit2.o)
    0x080001f0   0x00000000   Code   RO         3830    .ARM.Collect$$libinit$$0000000E  c_w.l(libinit2.o)
    0x080001f0   0x00000000   Code   RO         3833    .ARM.Collect$$libinit$$00000011  c_w.l(libinit2.o)
    0x080001f0   0x00000000   Code   RO         3835    .ARM.Collect$$libinit$$00000013  c_w.l(libinit2.o)
    0x080001f0   0x00000000   Code   RO         3837    .ARM.Collect$$libinit$$00000015  c_w.l(libinit2.o)
    0x080001f0   0x00000000   Code   RO         3839    .ARM.Collect$$libinit$$00000017  c_w.l(libinit2.o)
    0x080001f0   0x00000000   Code   RO         3841    .ARM.Collect$$libinit$$00000019  c_w.l(libinit2.o)
    0x080001f0   0x00000000   Code   RO         3843    .ARM.Collect$$libinit$$0000001B  c_w.l(libinit2.o)
    0x080001f0   0x00000000   Code   RO         3845    .ARM.Collect$$libinit$$0000001D  c_w.l(libinit2.o)
    0x080001f0   0x00000000   Code   RO         3847    .ARM.Collect$$libinit$$0000001F  c_w.l(libinit2.o)
    0x080001f0   0x00000000   Code   RO         3849    .ARM.Collect$$libinit$$00000021  c_w.l(libinit2.o)
    0x080001f0   0x00000000   Code   RO         3851    .ARM.Collect$$libinit$$00000023  c_w.l(libinit2.o)
    0x080001f0   0x00000000   Code   RO         3853    .ARM.Collect$$libinit$$00000025  c_w.l(libinit2.o)
    0x080001f0   0x00000000   Code   RO         3857    .ARM.Collect$$libinit$$0000002C  c_w.l(libinit2.o)
    0x080001f0   0x00000000   Code   RO         3859    .ARM.Collect$$libinit$$0000002E  c_w.l(libinit2.o)
    0x080001f0   0x00000000   Code   RO         3861    .ARM.Collect$$libinit$$00000030  c_w.l(libinit2.o)
    0x080001f0   0x00000000   Code   RO         3863    .ARM.Collect$$libinit$$00000032  c_w.l(libinit2.o)
    0x080001f0   0x00000002   Code   RO         3864    .ARM.Collect$$libinit$$00000033  c_w.l(libinit2.o)
    0x080001f2   0x00000002   Code   RO         3882    .ARM.Collect$$libshutdown$$00000000  c_w.l(libshutdown.o)
    0x080001f4   0x00000000   Code   RO         3893    .ARM.Collect$$libshutdown$$00000003  c_w.l(libshutdown2.o)
    0x080001f4   0x00000000   Code   RO         3896    .ARM.Collect$$libshutdown$$00000006  c_w.l(libshutdown2.o)
    0x080001f4   0x00000000   Code   RO         3899    .ARM.Collect$$libshutdown$$00000009  c_w.l(libshutdown2.o)
    0x080001f4   0x00000000   Code   RO         3901    .ARM.Collect$$libshutdown$$0000000B  c_w.l(libshutdown2.o)
    0x080001f4   0x00000000   Code   RO         3904    .ARM.Collect$$libshutdown$$0000000E  c_w.l(libshutdown2.o)
    0x080001f4   0x00000002   Code   RO         3905    .ARM.Collect$$libshutdown$$0000000F  c_w.l(libshutdown2.o)
    0x080001f6   0x00000000   Code   RO         3776    .ARM.Collect$$rtentry$$00000000  c_w.l(__rtentry.o)
    0x080001f6   0x00000000   Code   RO         3783    .ARM.Collect$$rtentry$$00000002  c_w.l(__rtentry2.o)
    0x080001f6   0x00000006   Code   RO         3795    .ARM.Collect$$rtentry$$00000004  c_w.l(__rtentry4.o)
    0x080001fc   0x00000000   Code   RO         3785    .ARM.Collect$$rtentry$$00000009  c_w.l(__rtentry2.o)
    0x080001fc   0x00000004   Code   RO         3786    .ARM.Collect$$rtentry$$0000000A  c_w.l(__rtentry2.o)
    0x08000200   0x00000000   Code   RO         3788    .ARM.Collect$$rtentry$$0000000C  c_w.l(__rtentry2.o)
    0x08000200   0x00000008   Code   RO         3789    .ARM.Collect$$rtentry$$0000000D  c_w.l(__rtentry2.o)
    0x08000208   0x00000002   Code   RO         3818    .ARM.Collect$$rtexit$$00000000  c_w.l(rtexit.o)
    0x0800020a   0x00000000   Code   RO         3866    .ARM.Collect$$rtexit$$00000002  c_w.l(rtexit2.o)
    0x0800020a   0x00000004   Code   RO         3867    .ARM.Collect$$rtexit$$00000003  c_w.l(rtexit2.o)
    0x0800020e   0x00000006   Code   RO         3868    .ARM.Collect$$rtexit$$00000004  c_w.l(rtexit2.o)
    0x08000214   0x00000040   Code   RO          381  * .text               startup_stm32f10x_hd.o
    0x08000254   0x00000002   Code   RO         3738    .text               c_w.l(use_no_semi_2.o)
    0x08000256   0x00000002   PAD
    0x08000258   0x00000018   Code   RO         3742    .text               c_w.l(noretval__2printf.o)
    0x08000270   0x00000068   Code   RO         3744    .text               c_w.l(__printf.o)
    0x080002d8   0x00000078   Code   RO         3746    .text               c_w.l(_printf_dec.o)
    0x08000350   0x00000006   Code   RO         3770    .text               c_w.l(heapauxi.o)
    0x08000356   0x00000002   Code   RO         3774    .text               c_w.l(use_no_semi.o)
    0x08000358   0x000000b2   Code   RO         3777    .text               c_w.l(_printf_intcommon.o)
    0x0800040a   0x00000002   PAD
    0x0800040c   0x00000024   Code   RO         3779    .text               c_w.l(_printf_char_file.o)
    0x08000430   0x00000030   Code   RO         3797    .text               c_w.l(_printf_char_common.o)
    0x08000460   0x00000008   Code   RO         3799    .text               c_w.l(ferror.o)
    0x08000468   0x0000004a   Code   RO         3803    .text               c_w.l(sys_stackheap_outer.o)
    0x080004b2   0x0000000c   Code   RO         3807    .text               c_w.l(exit.o)
    0x080004be   0x00000002   PAD
    0x080004c0   0x00000008   Code   RO         3815    .text               c_w.l(libspace.o)
    0x080004c8   0x00000010   Code   RO          645    i.BKP_DeInit        stm32f10x_bkp.o
    0x080004d8   0x0000001c   Code   RO          650    i.BKP_ReadBackupRegister  stm32f10x_bkp.o
    0x080004f4   0x0000001c   Code   RO          654    i.BKP_WriteBackupRegister  stm32f10x_bkp.o
    0x08000510   0x00000004   Code   RO          149    i.BusFault_Handler  stm32f10x_it.o
    0x08000514   0x00000002   Code   RO          150    i.DebugMon_Handler  stm32f10x_it.o
    0x08000516   0x00000002   PAD
    0x08000518   0x00000034   Code   RO         3518    i.EXTI0_IRQHandler  exti.o
    0x0800054c   0x00000034   Code   RO         3519    i.EXTI1_IRQHandler  exti.o
    0x08000580   0x00000034   Code   RO         3520    i.EXTI2_IRQHandler  exti.o
    0x080005b4   0x00000034   Code   RO         3521    i.EXTI3_IRQHandler  exti.o
    0x080005e8   0x0000004c   Code   RO         3522    i.EXTI4_IRQHandler  exti.o
    0x08000634   0x0000000c   Code   RO         1183    i.EXTI_ClearITPendingBit  stm32f10x_exti.o
    0x08000640   0x00000116   Code   RO         1536    i.GPIO_Init         stm32f10x_gpio.o
    0x08000756   0x00000012   Code   RO         1540    i.GPIO_ReadInputDataBit  stm32f10x_gpio.o
    0x08000768   0x00000004   Code   RO         1543    i.GPIO_ResetBits    stm32f10x_gpio.o
    0x0800076c   0x00000004   Code   RO         1544    i.GPIO_SetBits      stm32f10x_gpio.o
    0x08000770   0x00000004   Code   RO          151    i.HardFault_Handler  stm32f10x_it.o
    0x08000774   0x00000030   Code   RO         3354    i.IIC_Start         oled.o
    0x080007a4   0x00000028   Code   RO         3355    i.IIC_Stop          oled.o
    0x080007cc   0x0000001c   Code   RO         3356    i.IIC_Wait_Ack      oled.o
    0x080007e8   0x0000003a   Code   RO         3675    i.Is_Leap_Year      rtc.o
    0x08000822   0x00000002   PAD
    0x08000824   0x0000004c   Code   RO         3624    i.LED_Init          led.o
    0x08000870   0x00000004   Code   RO          152    i.MemManage_Handler  stm32f10x_it.o
    0x08000874   0x00000002   Code   RO          153    i.NMI_Handler       stm32f10x_it.o
    0x08000876   0x00000002   PAD
    0x08000878   0x00000070   Code   RO          385    i.NVIC_Init         misc.o
    0x080008e8   0x00000014   Code   RO          386    i.NVIC_PriorityGroupConfig  misc.o
    0x080008fc   0x00000040   Code   RO         3357    i.OLED_Clear        oled.o
    0x0800093c   0x00000114   Code   RO         3361    i.OLED_Init         oled.o
    0x08000a50   0x00000154   Code   RO         3363    i.OLED_Roll         oled.o
    0x08000ba4   0x00000028   Code   RO         3364    i.OLED_Set_Pos      oled.o
    0x08000bcc   0x00000068   Code   RO         3365    i.OLED_ShowCHinese  oled.o
    0x08000c34   0x000000a4   Code   RO         3366    i.OLED_ShowChar     oled.o
    0x08000cd8   0x00000088   Code   RO         3367    i.OLED_ShowNum      oled.o
    0x08000d60   0x0000003a   Code   RO         3368    i.OLED_ShowString   oled.o
    0x08000d9a   0x00000018   Code   RO         3369    i.OLED_WR_Byte      oled.o
    0x08000db2   0x00000002   PAD
    0x08000db4   0x0000000c   Code   RO         1890    i.PWR_BackupAccessCmd  stm32f10x_pwr.o
    0x08000dc0   0x00000002   Code   RO          154    i.PendSV_Handler    stm32f10x_it.o
    0x08000dc2   0x00000002   PAD
    0x08000dc4   0x00000020   Code   RO         1952    i.RCC_APB1PeriphClockCmd  stm32f10x_rcc.o
    0x08000de4   0x00000020   Code   RO         1954    i.RCC_APB2PeriphClockCmd  stm32f10x_rcc.o
    0x08000e04   0x0000000c   Code   RO         1957    i.RCC_BackupResetCmd  stm32f10x_rcc.o
    0x08000e10   0x000000d4   Code   RO         1962    i.RCC_GetClocksFreq  stm32f10x_rcc.o
    0x08000ee4   0x0000003c   Code   RO         1963    i.RCC_GetFlagStatus  stm32f10x_rcc.o
    0x08000f20   0x00000034   Code   RO         1970    i.RCC_LSEConfig     stm32f10x_rcc.o
    0x08000f54   0x0000000c   Code   RO         1977    i.RCC_RTCCLKCmd     stm32f10x_rcc.o
    0x08000f60   0x00000010   Code   RO         1978    i.RCC_RTCCLKConfig  stm32f10x_rcc.o
    0x08000f70   0x00000010   Code   RO         2151    i.RTC_ClearITPendingBit  stm32f10x_rtc.o
    0x08000f80   0x00000014   Code   RO         2152    i.RTC_EnterConfigMode  stm32f10x_rtc.o
    0x08000f94   0x00000014   Code   RO         2153    i.RTC_ExitConfigMode  stm32f10x_rtc.o
    0x08000fa8   0x00000100   Code   RO         3677    i.RTC_Get           rtc.o
    0x080010a8   0x00000014   Code   RO         2154    i.RTC_GetCounter    stm32f10x_rtc.o
    0x080010bc   0x00000024   Code   RO         2157    i.RTC_GetITStatus   stm32f10x_rtc.o
    0x080010e0   0x00000078   Code   RO         3678    i.RTC_Get_Week      rtc.o
    0x08001158   0x00000070   Code   RO         3679    i.RTC_IRQHandler    rtc.o
    0x080011c8   0x00000020   Code   RO         2158    i.RTC_ITConfig      stm32f10x_rtc.o
    0x080011e8   0x000000c0   Code   RO         3680    i.RTC_Init          rtc.o
    0x080012a8   0x00000020   Code   RO         3681    i.RTC_NVIC_Config   rtc.o
    0x080012c8   0x000000c8   Code   RO         3682    i.RTC_Set           rtc.o
    0x08001390   0x0000001c   Code   RO         2160    i.RTC_SetCounter    stm32f10x_rtc.o
    0x080013ac   0x00000020   Code   RO         2161    i.RTC_SetPrescaler  stm32f10x_rtc.o
    0x080013cc   0x00000014   Code   RO         2162    i.RTC_WaitForLastTask  stm32f10x_rtc.o
    0x080013e0   0x00000024   Code   RO         2163    i.RTC_WaitForSynchro  stm32f10x_rtc.o
    0x08001404   0x00000002   Code   RO          155    i.SVC_Handler       stm32f10x_it.o
    0x08001406   0x00000008   Code   RO          238    i.SetSysClock       system_stm32f10x.o
    0x0800140e   0x00000002   PAD
    0x08001410   0x000000e0   Code   RO          239    i.SetSysClockTo72   system_stm32f10x.o
    0x080014f0   0x00000028   Code   RO          389    i.SysTick_CLKSourceConfig  misc.o
    0x08001518   0x00000002   Code   RO          156    i.SysTick_Handler   stm32f10x_it.o
    0x0800151a   0x00000002   PAD
    0x0800151c   0x00000060   Code   RO          241    i.SystemInit        system_stm32f10x.o
    0x0800157c   0x00000030   Code   RO         3636    i.TIM3_IRQHandler   timer.o
    0x080015ac   0x00000094   Code   RO         3640    i.TIM5_IRQHandler   timer.o
    0x08001640   0x00000006   Code   RO         2581    i.TIM_ClearITPendingBit  stm32f10x_tim.o
    0x08001646   0x00000006   Code   RO         2601    i.TIM_GetCapture1   stm32f10x_tim.o
    0x0800164c   0x00000022   Code   RO         2607    i.TIM_GetITStatus   stm32f10x_tim.o
    0x0800166e   0x00000012   Code   RO         2617    i.TIM_OC1PolarityConfig  stm32f10x_tim.o
    0x08001680   0x00000088   Code   RO          327    i.USART1_IRQHandler  usart.o
    0x08001708   0x00000018   Code   RO         3122    i.USART_Cmd         stm32f10x_usart.o
    0x08001720   0x00000054   Code   RO         3126    i.USART_GetITStatus  stm32f10x_usart.o
    0x08001774   0x0000004a   Code   RO         3128    i.USART_ITConfig    stm32f10x_usart.o
    0x080017be   0x00000002   PAD
    0x080017c0   0x000000d8   Code   RO         3129    i.USART_Init        stm32f10x_usart.o
    0x08001898   0x0000000a   Code   RO         3136    i.USART_ReceiveData  stm32f10x_usart.o
    0x080018a2   0x00000004   Code   RO          157    i.UsageFault_Handler  stm32f10x_it.o
    0x080018a6   0x00000002   PAD
    0x080018a8   0x0000000c   Code   RO         3298    i.WWDG_ClearFlag    stm32f10x_wwdg.o
    0x080018b4   0x00000010   Code   RO         3300    i.WWDG_Enable       stm32f10x_wwdg.o
    0x080018c4   0x00000028   Code   RO         3562    i.WWDG_IRQHandler   iwdg.o
    0x080018ec   0x0000000c   Code   RO         3565    i.WWDG_Set_Counter  iwdg.o
    0x080018f8   0x0000005c   Code   RO         3370    i.Write_IIC_Byte    oled.o
    0x08001954   0x0000002c   Code   RO         3371    i.Write_IIC_Command  oled.o
    0x08001980   0x0000002c   Code   RO         3372    i.Write_IIC_Data    oled.o
    0x080019ac   0x00000004   Code   RO          328    i._sys_exit         usart.o
    0x080019b0   0x00000044   Code   RO          272    i.delay_init        delay.o
    0x080019f4   0x0000004c   Code   RO          273    i.delay_ms          delay.o
    0x08001a40   0x0000001c   Code   RO          329    i.fputc             usart.o
    0x08001a5c   0x000001b0   Code   RO            1    i.main              main.o
    0x08001c0c   0x00000016   Code   RO         3374    i.oled_pow          oled.o
    0x08001c22   0x00000002   PAD
    0x08001c24   0x000000a0   Code   RO          330    i.uart_init         usart.o
    0x08001cc4   0x00000818   Data   RO         3375    .constdata          oled.o
    0x080024dc   0x00000018   Data   RO         3684    .constdata          rtc.o
    0x080024f4   0x00000020   Data   RO         3937    Region$$Table       anon$$obj.o


    Execution Region ER_RW (Base: 0x20000000, Size: 0x000002bc, Max: 0xffffffff, ABSOLUTE, COMPRESSED[0x00000124])

    Base Addr    Size         Type   Attr      Idx    E Section Name        Object

    0x20000000   0x00000014   Data   RW          242    .data               system_stm32f10x.o
    0x20000014   0x00000004   Data   RW          275    .data               delay.o
    0x20000018   0x00000006   Data   RW          332    .data               usart.o
    0x2000001e   0x00000014   Data   RW         1982    .data               stm32f10x_rcc.o
    0x20000032   0x00000280   Data   RW         3376    .data               oled.o
    0x200002b2   0x00000001   Data   RW         3566    .data               iwdg.o
    0x200002b3   0x00000001   PAD
    0x200002b4   0x00000004   Data   RW         3641    .data               timer.o
    0x200002b8   0x00000002   Data   RW         3685    .data               rtc.o


    Execution Region ER_ZI (Base: 0x200002bc, Size: 0x00000734, Max: 0xffffffff, ABSOLUTE)

    Base Addr    Size         Type   Attr      Idx    E Section Name        Object

    0x200002bc   0x000000c8   Zero   RW          331    .bss                usart.o
    0x20000384   0x0000000a   Zero   RW         3683    .bss                rtc.o
    0x2000038e   0x00000002   PAD
    0x20000390   0x00000060   Zero   RW         3816    .bss                c_w.l(libspace.o)
    0x200003f0   0x00000200   Zero   RW          379    HEAP                startup_stm32f10x_hd.o
    0x200005f0   0x00000400   Zero   RW          378    STACK               startup_stm32f10x_hd.o


==============================================================================

Image component sizes


      Code (inc. data)   RO Data    RW Data    ZI Data      Debug   Object Name

       144         22          0          4          0       1052   delay.o
       284         52          0          0          0       2159   exti.o
        52          8          0          1          0       1056   iwdg.o
        76          8          0          0          0        455   led.o
       432         84          0          0          0     253071   main.o
       172         22          0          0          0       1873   misc.o
      1524         38       2072        640          0       9955   oled.o
       970         72         24          2         10       5222   rtc.o
        64         26        304          0       1536        756   startup_stm32f10x_hd.o
        72         10          0          0          0       2488   stm32f10x_bkp.o
        12          6          0          0          0        477   stm32f10x_exti.o
       304          0          0          0          0       3404   stm32f10x_gpio.o
        26          0          0          0          0       3290   stm32f10x_it.o
        12          6          0          0          0        466   stm32f10x_pwr.o
       428         58          0         20          0       6686   stm32f10x_rcc.o
       260         48          0          0          0       4664   stm32f10x_rtc.o
        64          0          0          0          0       2620   stm32f10x_tim.o
       408          6          0          0          0       4666   stm32f10x_usart.o
        28         10          0          0          0        875   stm32f10x_wwdg.o
         0          0          0          0          0         32   sys.o
       328         28          0         20          0       1857   system_stm32f10x.o
       196         22          0          4          0       1178   timer.o
       328         26          0          6        200       3824   usart.o

    ----------------------------------------------------------------------
      6204        552       2432        700       1748     312126   Object Totals
         0          0         32          0          0          0   (incl. Generated)
        20          0          0          3          2          0   (incl. Padding)

    ----------------------------------------------------------------------

      Code (inc. data)   RO Data    RW Data    ZI Data      Debug   Library Member Name

        90          0          0          0          0          0   __dczerorl2.o
         8          0          0          0          0         68   __main.o
       104          0          0          0          0         84   __printf.o
         0          0          0          0          0          0   __rtentry.o
        12          0          0          0          0          0   __rtentry2.o
         6          0          0          0          0          0   __rtentry4.o
        52          8          0          0          0          0   __scatter.o
        28          0          0          0          0          0   __scatter_zi.o
        48          6          0          0          0         96   _printf_char_common.o
        36          4          0          0          0         80   _printf_char_file.o
         6          0          0          0          0          0   _printf_d.o
       120         16          0          0          0         92   _printf_dec.o
       178          0          0          0          0         88   _printf_intcommon.o
         0          0          0          0          0          0   _printf_percent.o
         4          0          0          0          0          0   _printf_percent_end.o
        12          0          0          0          0         72   exit.o
         8          0          0          0          0         68   ferror.o
         6          0          0          0          0        152   heapauxi.o
         2          0          0          0          0          0   libinit.o
         2          0          0          0          0          0   libinit2.o
         2          0          0          0          0          0   libshutdown.o
         2          0          0          0          0          0   libshutdown2.o
         8          4          0          0         96         68   libspace.o
        24          4          0          0          0         84   noretval__2printf.o
         2          0          0          0          0          0   rtexit.o
        10          0          0          0          0          0   rtexit2.o
        74          0          0          0          0         80   sys_stackheap_outer.o
         2          0          0          0          0         68   use_no_semi.o
         2          0          0          0          0         68   use_no_semi_2.o

    ----------------------------------------------------------------------
       856         42          0          0         96       1168   Library Totals
         8          0          0          0          0          0   (incl. Padding)

    ----------------------------------------------------------------------

      Code (inc. data)   RO Data    RW Data    ZI Data      Debug   Library Name

       848         42          0          0         96       1168   c_w.l

    ----------------------------------------------------------------------
       856         42          0          0         96       1168   Library Totals

    ----------------------------------------------------------------------

==============================================================================


      Code (inc. data)   RO Data    RW Data    ZI Data      Debug   

      7060        594       2432        700       1844     308246   Grand Totals
      7060        594       2432        292       1844     308246   ELF Image Totals (compressed)
      7060        594       2432        292          0          0   ROM Totals

==============================================================================

    Total RO  Size (Code + RO Data)                 9492 (   9.27kB)
    Total RW  Size (RW Data + ZI Data)              2544 (   2.48kB)
    Total ROM Size (Code + RO Data + RW Data)       9784 (   9.55kB)

==============================================================================

